Archive member included to satisfy reference by file (symbol)

C:/ST/STM32CubeIDE_1.17.0/STM32CubeIDE/plugins/com.st.stm32cube.ide.mcu.externaltools.gnu-tools-for-stm32.12.3.rel1.win32_1.1.0.202410251130/tools/bin/../lib/gcc/arm-none-eabi/12.3.1/../../../../arm-none-eabi/lib/thumb/v7e-m+fp/hard\libc_nano.a(libc_a-exit.o)
                              C:/ST/STM32CubeIDE_1.17.0/STM32CubeIDE/plugins/com.st.stm32cube.ide.mcu.externaltools.gnu-tools-for-stm32.12.3.rel1.win32_1.1.0.202410251130/tools/bin/../lib/gcc/arm-none-eabi/12.3.1/../../../../arm-none-eabi/lib/thumb/v7e-m+fp/hard/crt0.o (exit)
C:/ST/STM32CubeIDE_1.17.0/STM32CubeIDE/plugins/com.st.stm32cube.ide.mcu.externaltools.gnu-tools-for-stm32.12.3.rel1.win32_1.1.0.202410251130/tools/bin/../lib/gcc/arm-none-eabi/12.3.1/../../../../arm-none-eabi/lib/thumb/v7e-m+fp/hard\libc_nano.a(libc_a-findfp.o)
                              C:/ST/STM32CubeIDE_1.17.0/STM32CubeIDE/plugins/com.st.stm32cube.ide.mcu.externaltools.gnu-tools-for-stm32.12.3.rel1.win32_1.1.0.202410251130/tools/bin/../lib/gcc/arm-none-eabi/12.3.1/../../../../arm-none-eabi/lib/thumb/v7e-m+fp/hard\libc_nano.a(libc_a-exit.o) (__stdio_exit_handler)
C:/ST/STM32CubeIDE_1.17.0/STM32CubeIDE/plugins/com.st.stm32cube.ide.mcu.externaltools.gnu-tools-for-stm32.12.3.rel1.win32_1.1.0.202410251130/tools/bin/../lib/gcc/arm-none-eabi/12.3.1/../../../../arm-none-eabi/lib/thumb/v7e-m+fp/hard\libc_nano.a(libc_a-fwalk.o)
                              C:/ST/STM32CubeIDE_1.17.0/STM32CubeIDE/plugins/com.st.stm32cube.ide.mcu.externaltools.gnu-tools-for-stm32.12.3.rel1.win32_1.1.0.202410251130/tools/bin/../lib/gcc/arm-none-eabi/12.3.1/../../../../arm-none-eabi/lib/thumb/v7e-m+fp/hard\libc_nano.a(libc_a-findfp.o) (_fwalk_sglue)
C:/ST/STM32CubeIDE_1.17.0/STM32CubeIDE/plugins/com.st.stm32cube.ide.mcu.externaltools.gnu-tools-for-stm32.12.3.rel1.win32_1.1.0.202410251130/tools/bin/../lib/gcc/arm-none-eabi/12.3.1/../../../../arm-none-eabi/lib/thumb/v7e-m+fp/hard\libc_nano.a(libc_a-stdio.o)
                              C:/ST/STM32CubeIDE_1.17.0/STM32CubeIDE/plugins/com.st.stm32cube.ide.mcu.externaltools.gnu-tools-for-stm32.12.3.rel1.win32_1.1.0.202410251130/tools/bin/../lib/gcc/arm-none-eabi/12.3.1/../../../../arm-none-eabi/lib/thumb/v7e-m+fp/hard\libc_nano.a(libc_a-findfp.o) (__sread)
C:/ST/STM32CubeIDE_1.17.0/STM32CubeIDE/plugins/com.st.stm32cube.ide.mcu.externaltools.gnu-tools-for-stm32.12.3.rel1.win32_1.1.0.202410251130/tools/bin/../lib/gcc/arm-none-eabi/12.3.1/../../../../arm-none-eabi/lib/thumb/v7e-m+fp/hard\libc_nano.a(libc_a-memset.o)
                              C:/ST/STM32CubeIDE_1.17.0/STM32CubeIDE/plugins/com.st.stm32cube.ide.mcu.externaltools.gnu-tools-for-stm32.12.3.rel1.win32_1.1.0.202410251130/tools/bin/../lib/gcc/arm-none-eabi/12.3.1/../../../../arm-none-eabi/lib/thumb/v7e-m+fp/hard/crt0.o (memset)
C:/ST/STM32CubeIDE_1.17.0/STM32CubeIDE/plugins/com.st.stm32cube.ide.mcu.externaltools.gnu-tools-for-stm32.12.3.rel1.win32_1.1.0.202410251130/tools/bin/../lib/gcc/arm-none-eabi/12.3.1/../../../../arm-none-eabi/lib/thumb/v7e-m+fp/hard\libc_nano.a(libc_a-closer.o)
                              C:/ST/STM32CubeIDE_1.17.0/STM32CubeIDE/plugins/com.st.stm32cube.ide.mcu.externaltools.gnu-tools-for-stm32.12.3.rel1.win32_1.1.0.202410251130/tools/bin/../lib/gcc/arm-none-eabi/12.3.1/../../../../arm-none-eabi/lib/thumb/v7e-m+fp/hard\libc_nano.a(libc_a-stdio.o) (_close_r)
C:/ST/STM32CubeIDE_1.17.0/STM32CubeIDE/plugins/com.st.stm32cube.ide.mcu.externaltools.gnu-tools-for-stm32.12.3.rel1.win32_1.1.0.202410251130/tools/bin/../lib/gcc/arm-none-eabi/12.3.1/../../../../arm-none-eabi/lib/thumb/v7e-m+fp/hard\libc_nano.a(libc_a-reent.o)
                              C:/ST/STM32CubeIDE_1.17.0/STM32CubeIDE/plugins/com.st.stm32cube.ide.mcu.externaltools.gnu-tools-for-stm32.12.3.rel1.win32_1.1.0.202410251130/tools/bin/../lib/gcc/arm-none-eabi/12.3.1/../../../../arm-none-eabi/lib/thumb/v7e-m+fp/hard\libc_nano.a(libc_a-closer.o) (errno)
C:/ST/STM32CubeIDE_1.17.0/STM32CubeIDE/plugins/com.st.stm32cube.ide.mcu.externaltools.gnu-tools-for-stm32.12.3.rel1.win32_1.1.0.202410251130/tools/bin/../lib/gcc/arm-none-eabi/12.3.1/../../../../arm-none-eabi/lib/thumb/v7e-m+fp/hard\libc_nano.a(libc_a-impure.o)
                              C:/ST/STM32CubeIDE_1.17.0/STM32CubeIDE/plugins/com.st.stm32cube.ide.mcu.externaltools.gnu-tools-for-stm32.12.3.rel1.win32_1.1.0.202410251130/tools/bin/../lib/gcc/arm-none-eabi/12.3.1/../../../../arm-none-eabi/lib/thumb/v7e-m+fp/hard\libc_nano.a(libc_a-reent.o) (_impure_ptr)
C:/ST/STM32CubeIDE_1.17.0/STM32CubeIDE/plugins/com.st.stm32cube.ide.mcu.externaltools.gnu-tools-for-stm32.12.3.rel1.win32_1.1.0.202410251130/tools/bin/../lib/gcc/arm-none-eabi/12.3.1/../../../../arm-none-eabi/lib/thumb/v7e-m+fp/hard\libc_nano.a(libc_a-lseekr.o)
[...]
Memory Configuration

Name             Origin             Length             Attributes
RAM              0x20000000         0x000a0000         xrw
RAM2             0x10000000         0x00010000         xrw
RAM3             0x20040000         0x00060000         xrw
FLASH            0x08000000         0x00200000         xr
*default*        0x00000000         0xffffffff

Linker script and memory map

LOAD C:/ST/STM32CubeIDE_1.17.0/STM32CubeIDE/plugins/com.st.stm32cube.ide.mcu.externaltools.gnu-tools-for-stm32.12.3.rel1.win32_1.1.0.202410251130/tools/bin/../lib/gcc/arm-none-eabi/12.3.1/thumb/v7e-m+fp/hard/crti.o
LOAD C:/ST/STM32CubeIDE_1.17.0/STM32CubeIDE/plugins/com.st.stm32cube.ide.mcu.externaltools.gnu-tools-for-stm32.12.3.rel1.win32_1.1.0.202410251130/tools/bin/../lib/gcc/arm-none-eabi/12.3.1/thumb/v7e-m+fp/hard/crtbegin.o
LOAD C:/ST/STM32CubeIDE_1.17.0/STM32CubeIDE/plugins/com.st.stm32cube.ide.mcu.externaltools.gnu-tools-for-stm32.12.3.rel1.win32_1.1.0.202410251130/tools/bin/../lib/gcc/arm-none-eabi/12.3.1/../../../../arm-none-eabi/lib/thumb/v7e-m+fp/hard/crt0.o
LOAD ./Core/Src/main.o
LOAD ./Core/Src/stm32l4xx_hal_msp.o
LOAD ./Core/Src/stm32l4xx_it.o
LOAD ./Core/Src/syscalls.o
LOAD ./Core/Src/sysmem.o
LOAD ./Core/Src/system_stm32l4xx.o
LOAD ./Core/Startup/startup_stm32l4s5vitx.o
LOAD ./Drivers/STM32L4xx_HAL_Driver/Src/stm32l4xx_hal.o
LOAD ./Drivers/STM32L4xx_HAL_Driver/Src/stm32l4xx_hal_adc.o
LOAD ./Drivers/STM32L4xx_HAL_Driver/Src/stm32l4xx_hal_adc_ex.o
LOAD ./Drivers/STM32L4xx_HAL_Driver/Src/stm32l4xx_hal_cortex.o
LOAD ./Drivers/STM32L4xx_HAL_Driver/Src/stm32l4xx_hal_dfsdm.o
LOAD ./Drivers/STM32L4xx_HAL_Driver/Src/stm32l4xx_hal_dfsdm_ex.o
LOAD ./Drivers/STM32L4xx_HAL_Driver/Src/stm32l4xx_hal_dma.o
LOAD ./Drivers/STM32L4xx_HAL_Driver/Src/stm32l4xx_hal_dma_ex.o
LOAD ./Drivers/STM32L4xx_HAL_Driver/Src/stm32l4xx_hal_exti.o
LOAD ./Drivers/STM32L4xx_HAL_Driver/Src/stm32l4xx_hal_flash.o
LOAD ./Drivers/STM32L4xx_HAL_Driver/Src/stm32l4xx_hal_flash_ex.o
LOAD ./Drivers/STM32L4xx_HAL_Driver/Src/stm32l4xx_hal_flash_ramfunc.o
LOAD ./Drivers/STM32L4xx_HAL_Driver/Src/stm32l4xx_hal_gpio.o
LOAD ./Drivers/STM32L4xx_HAL_Driver/Src/stm32l4xx_hal_i2c.o
LOAD ./Drivers/STM32L4xx_HAL_Driver/Src/stm32l4xx_hal_i2c_ex.o
LOAD ./Drivers/STM32L4xx_HAL_Driver/Src/stm32l4xx_hal_ospi.o
LOAD ./Drivers/STM32L4xx_HAL_Driver/Src/stm32l4xx_hal_pwr.o
LOAD ./Drivers/STM32L4xx_HAL_Driver/Src/stm32l4xx_hal_pwr_ex.o
LOAD ./Drivers/STM32L4xx_HAL_Driver/Src/stm32l4xx_hal_rcc.o
LOAD ./Drivers/STM32L4xx_HAL_Driver/Src/stm32l4xx_hal_rcc_ex.o
LOAD ./Drivers/STM32L4xx_HAL_Driver/Src/stm32l4xx_hal_spi.o
LOAD ./Drivers/STM32L4xx_HAL_Driver/Src/stm32l4xx_hal_spi_ex.o
LOAD ./Drivers/STM32L4xx_HAL_Driver/Src/stm32l4xx_hal_tim.o
LOAD ./Drivers/STM32L4xx_HAL_Driver/Src/stm32l4xx_hal_tim_ex.o
LOAD ./Drivers/STM32L4xx_HAL_Driver/Src/stm32l4xx_hal_uart.o
LOAD ./Drivers/STM32L4xx_HAL_Driver/Src/stm32l4xx_hal_uart_ex.o
START GROUP
LOAD C:/ST/STM32CubeIDE_1.17.0/STM32CubeIDE/plugins/com.st.stm32cube.ide.mcu.externaltools.gnu-tools-for-stm32.12.3.rel1.win32_1.1.0.202410251130/tools/bin/../lib/gcc/arm-none-eabi/12.3.1/../../../../arm-none-eabi/lib/thumb/v7e-m+fp/hard\libc_nano.a
LOAD C:/ST/STM32CubeIDE_1.17.0/STM32CubeIDE/plugins/com.st.stm32cube.ide.mcu.externaltools.gnu-tools-for-stm32.12.3.rel1.win32_1.1.0.202410251130/tools/bin/../lib/gcc/arm-none-eabi/12.3.1/../../../../arm-none-eabi/lib/thumb/v7e-m+fp/hard\libm.a
END GROUP
START GROUP
LOAD C:/ST/STM32CubeIDE_1.17.0/STM32CubeIDE/plugins/com.st.stm32cube.ide.mcu.externaltools.gnu-tools-for-stm32.12.3.rel1.win32_1.1.0.202410251130/tools/bin/../lib/gcc/arm-none-eabi/12.3.1/thumb/v7e-m+fp/hard\libgcc.a
LOAD C:/ST/STM32CubeIDE_1.17.0/STM32CubeIDE/plugins/com.st.stm32cube.ide.mcu.externaltools.gnu-tools-for-stm32.12.3.rel1.win32_1.1.0.202410251130/tools/bin/../lib/gcc/arm-none-eabi/12.3.1/../../../../arm-none-eabi/lib/thumb/v7e-m+fp/hard\libc_nano.a
END GROUP
START GROUP
LOAD C:/ST/STM32CubeIDE_1.17.0/STM32CubeIDE/plugins/com.st.stm32cube.ide.mcu.externaltools.gnu-tools-for-stm32.12.3.rel1.win32_1.1.0.202410251130/tools/bin/../lib/gcc/arm-none-eabi/12.3.1/thumb/v7e-m+fp/hard\libgcc.a
LOAD C:/ST/STM32CubeIDE_1.17.0/STM32CubeIDE/plugins/com.st.stm32cube.ide.mcu.externaltools.gnu-tools-for-stm32.12.3.rel1.win32_1.1.0.202410251130/tools/bin/../lib/gcc/arm-none-eabi/12.3.1/../../../../arm-none-eabi/lib/thumb/v7e-m+fp/hard\libc_nano.a
LOAD C:/ST/STM32CubeIDE_1.17.0/STM32CubeIDE/plugins/com.st.stm32cube.ide.mcu.externaltools.gnu-tools-for-stm32.12.3.rel1.win32_1.1.0.202410251130/tools/bin/../lib/gcc/arm-none-eabi/12.3.1/../../../../arm-none-eabi/lib/thumb/v7e-m+fp/hard\libnosys.a
END GROUP
START GROUP
LOAD C:/ST/STM32CubeIDE_1.17.0/STM32CubeIDE/plugins/com.st.stm32cube.ide.mcu.externaltools.gnu-tools-for-stm32.12.3.rel1.win32_1.1.0.202410251130/tools/bin/../lib/gcc/arm-none-eabi/12.3.1/thumb/v7e-m+fp/hard\libgcc.a
LOAD C:/ST/STM32CubeIDE_1.17.0/STM32CubeIDE/plugins/com.st.stm32cube.ide.mcu.externaltools.gnu-tools-for-stm32.12.3.rel1.win32_1.1.0.202410251130/tools/bin/../lib/gcc/arm-none-eabi/12.3.1/../../../../arm-none-eabi/lib/thumb/v7e-m+fp/hard\libc_nano.a
LOAD C:/ST/STM32CubeIDE_1.17.0/STM32CubeIDE/plugins/com.st.stm32cube.ide.mcu.externaltools.gnu-tools-for-stm32.12.3.rel1.win32_1.1.0.202410251130/tools/bin/../lib/gcc/arm-none-eabi/12.3.1/../../../../arm-none-eabi/lib/thumb/v7e-m+fp/hard\libnosys.a
END GROUP
LOAD C:/ST/STM32CubeIDE_1.17.0/STM32CubeIDE/plugins/com.st.stm32cube.ide.mcu.externaltools.gnu-tools-for-stm32.12.3.rel1.win32_1.1.0.202410251130/tools/bin/../lib/gcc/arm-none-eabi/12.3.1/thumb/v7e-m+fp/hard/crtend.o
LOAD C:/ST/STM32CubeIDE_1.17.0/STM32CubeIDE/plugins/com.st.stm32cube.ide.mcu.externaltools.gnu-tools-for-stm32.12.3.rel1.win32_1.1.0.202410251130/tools/bin/../lib/gcc/arm-none-eabi/12.3.1/thumb/v7e-m+fp/hard/crtn.o
                0x200a0000                        _estack = (ORIGIN (RAM) + LENGTH (RAM))
                0x00000200                        _Min_Heap_Size = 0x200
                0x00000400                        _Min_Stack_Size = 0x400

.isr_vector     0x08000000      0x1bc
                0x08000000                        . = ALIGN (0x4)
 *(.isr_vector)
 .isr_vector    0x08000000      0x1bc ./Core/Startup/startup_stm32l4s5vitx.o
                0x08000000                g_pfnVectors
                0x080001bc                        . = ALIGN (0x4)

.text           0x080001bc     0x6e88
                0x080001bc                        . = ALIGN (0x4)
 *(.text)
 .text          0x080001bc       0x40 C:/ST/STM32CubeIDE_1.17.0/STM32CubeIDE/plugins/com.st.stm32cube.ide.mcu.externaltools.gnu-tools-for-stm32.12.3.rel1.win32_1.1.0.202410251130/tools/bin/../lib/gcc/arm-none-eabi/12.3.1/thumb/v7e-m+fp/hard/crtbegin.o
 .text          0x080001fc       0x30 C:/ST/STM32CubeIDE_1.17.0/STM32CubeIDE/plugins/com.st.stm32cube.ide.mcu.externaltools.gnu-tools-for-stm32.12.3.rel1.win32_1.1.0.202410251130/tools/bin/../lib/gcc/arm-none-eabi/12.3.1/thumb/v7e-m+fp/hard\libgcc.a(_aeabi_uldivmod.o)
                0x080001fc                __aeabi_uldivmod
 .text          0x0800022c      0x2bc C:/ST/STM32CubeIDE_1.17.0/STM32CubeIDE/plugins/com.st.stm32cube.ide.mcu.externaltools.gnu-tools-for-stm32.12.3.rel1.win32_1.1.0.202410251130/tools/bin/../lib/gcc/arm-none-eabi/12.3.1/thumb/v7e-m+fp/hard\libgcc.a(_udivmoddi4.o)
                0x0800022c                __udivmoddi4
 .text          0x080004e8        0x4 C:/ST/STM32CubeIDE_1.17.0/STM32CubeIDE/plugins/com.st.stm32cube.ide.mcu.externaltools.gnu-tools-for-stm32.12.3.rel1.win32_1.1.0.202410251130/tools/bin/../lib/gcc/arm-none-eabi/12.3.1/thumb/v7e-m+fp/hard\libgcc.a(_dvmd_tls.o)
                0x080004e8                __aeabi_idiv0
                0x080004e8                __aeabi_ldiv0
 *(.text*)
 .text.main     0x080004ec       0x58 ./Core/Src/main.o
                0x080004ec                main
 .text.SystemClock_Config
                0x08000544       0xc4 ./Core/Src/main.o
                0x08000544                SystemClock_Config
 .text.PeriphCommonClock_Config
                0x08000608       0x5e ./Core/Src/main.o
                0x08000608                PeriphCommonClock_Config
 *fill*         0x08000666        0x2 
 .text.MX_ADC1_Init
                0x08000668       0xc8 ./Core/Src/main.o
 .text.MX_DFSDM1_Init
                0x08000730       0x70 ./Core/Src/main.o
 .text.MX_I2C1_Init
                0x080007a0       0x80 ./Core/Src/main.o
 .text.MX_I2C2_Init
                0x08000820       0x80 ./Core/Src/main.o
 .text.MX_OCTOSPI1_Init
                0x080008a0       0xac ./Core/Src/main.o
 .text.MX_SPI1_Init
                0x0800094c       0x7c ./Core/Src/main.o
 .text.MX_SPI3_Init
                0x080009c8       0x7c ./Core/Src/main.o
 .text.MX_TIM16_Init
                0x08000a44       0x4c ./Core/Src/main.o
 .text.MX_UART4_Init
                0x08000a90       0x98 ./Core/Src/main.o
 .text.MX_USART1_UART_Init
                0x08000b28       0x98 ./Core/Src/main.o
 .text.MX_USART2_UART_Init
                0x08000bc0       0x9c ./Core/Src/main.o
 .text.MX_USART3_UART_Init
                0x08000c5c       0x98 ./Core/Src/main.o
 .text.MX_USB_OTG_FS_USB_Init
                0x08000cf4        0xe ./Core/Src/main.o
 *fill*         0x08000d02        0x2 
 .text.MX_GPIO_Init
                0x08000d04      0x284 ./Core/Src/main.o
 .text.HAL_GPIO_EXTI_Callback
                0x08000f88       0x38 ./Core/Src/main.o
                0x08000f88                HAL_GPIO_EXTI_Callback
 .text.HAL_TIM_PeriodElapsedCallback
                0x08000fc0       0x54 ./Core/Src/main.o
                0x08000fc0                HAL_TIM_PeriodElapsedCallback
 .text.HAL_ADC_ConvCpltCallback
                0x08001014       0x2c ./Core/Src/main.o
                0x08001014                HAL_ADC_ConvCpltCallback
 .text.Error_Handler
                0x08001040        0xc ./Core/Src/main.o
                0x08001040                Error_Handler
 .text.HAL_MspInit
                0x0800104c       0x48 ./Core/Src/stm32l4xx_hal_msp.o
                0x0800104c                HAL_MspInit
 .text.HAL_ADC_MspInit
                0x08001094       0x90 ./Core/Src/stm32l4xx_hal_msp.o
                0x08001094                HAL_ADC_MspInit
 .text.HAL_DFSDM_ChannelMspInit
                0x08001124       0xc8 ./Core/Src/stm32l4xx_hal_msp.o
                0x08001124                HAL_DFSDM_ChannelMspInit
 .text.HAL_I2C_MspInit
                0x080011ec      0x144 ./Core/Src/stm32l4xx_hal_msp.o
                0x080011ec                HAL_I2C_MspInit
 .text.HAL_OSPI_MspInit
                0x08001330       0xd8 ./Core/Src/stm32l4xx_hal_msp.o
                0x08001330                HAL_OSPI_MspInit
 .text.HAL_SPI_MspInit
                0x08001408       0xec ./Core/Src/stm32l4xx_hal_msp.o
                0x08001408                HAL_SPI_MspInit
 .text.HAL_TIM_Base_MspInit
                0x080014f4       0x4c ./Core/Src/stm32l4xx_hal_msp.o
                0x080014f4                HAL_TIM_Base_MspInit
 .text.HAL_UART_MspInit
                0x08001540      0x254 ./Core/Src/stm32l4xx_hal_msp.o
                0x08001540                HAL_UART_MspInit
 .text.NMI_Handler
                0x08001794        0x8 ./Core/Src/stm32l4xx_it.o
                0x08001794                NMI_Handler
 .text.HardFault_Handler
                0x0800179c        0x8 ./Core/Src/stm32l4xx_it.o
                0x0800179c                HardFault_Handler
 .text.MemManage_Handler
                0x080017a4        0x8 ./Core/Src/stm32l4xx_it.o
                0x080017a4                MemManage_Handler
 .text.BusFault_Handler
                0x080017ac        0x8 ./Core/Src/stm32l4xx_it.o
                0x080017ac                BusFault_Handler
 .text.UsageFault_Handler
                0x080017b4        0x8 ./Core/Src/stm32l4xx_it.o
                0x080017b4                UsageFault_Handler
 .text.SVC_Handler
                0x080017bc        0xe ./Core/Src/stm32l4xx_it.o
                0x080017bc                SVC_Handler
 .text.DebugMon_Handler
                0x080017ca        0xe ./Core/Src/stm32l4xx_it.o
                0x080017ca                DebugMon_Handler
 .text.PendSV_Handler
                0x080017d8        0xe ./Core/Src/stm32l4xx_it.o
                0x080017d8                PendSV_Handler
 .text.SysTick_Handler
                0x080017e6        0xc ./Core/Src/stm32l4xx_it.o
                0x080017e6                SysTick_Handler
 *fill*         0x080017f2        0x2 
 .text.ADC1_IRQHandler
                0x080017f4       0x14 ./Core/Src/stm32l4xx_it.o
                0x080017f4                ADC1_IRQHandler
 .text.EXTI9_5_IRQHandler
                0x08001808       0x22 ./Core/Src/stm32l4xx_it.o
                0x08001808                EXTI9_5_IRQHandler
 *fill*         0x0800182a        0x2 
 .text.TIM1_UP_TIM16_IRQHandler
                0x0800182c       0x14 ./Core/Src/stm32l4xx_it.o
                0x0800182c                TIM1_UP_TIM16_IRQHandler
 .text.EXTI15_10_IRQHandler
                0x08001840       0x38 ./Core/Src/stm32l4xx_it.o
                0x08001840                EXTI15_10_IRQHandler
 .text.SystemInit
                0x08001878       0x24 ./Core/Src/system_stm32l4xx.o
                0x08001878                SystemInit
 .text.Reset_Handler
                0x0800189c       0x50 ./Core/Startup/startup_stm32l4s5vitx.o
                0x0800189c                Reset_Handler
 .text.Default_Handler
                0x080018ec        0x2 ./Core/Startup/startup_stm32l4s5vitx.o
                0x080018ec                RTC_Alarm_IRQHandler
                0x080018ec                EXTI2_IRQHandler
                0x080018ec                TIM8_TRG_COM_IRQHandler
                0x080018ec                TIM8_CC_IRQHandler
                0x080018ec                TIM1_CC_IRQHandler
                0x080018ec                TSC_IRQHandler
                0x080018ec                TAMP_STAMP_IRQHandler
                0x080018ec                EXTI3_IRQHandler
                0x080018ec                LPTIM2_IRQHandler
                0x080018ec                DFSDM1_FLT1_IRQHandler
                0x080018ec                GFXMMU_IRQHandler
                0x080018ec                I2C3_ER_IRQHandler
                0x080018ec                DFSDM1_FLT2_IRQHandler
                0x080018ec                EXTI0_IRQHandler
                0x080018ec                I2C2_EV_IRQHandler
                0x080018ec                CAN1_RX0_IRQHandler
                0x080018ec                FPU_IRQHandler
                0x080018ec                LTDC_ER_IRQHandler
                0x080018ec                SPI1_IRQHandler
                0x080018ec                OCTOSPI1_IRQHandler
                0x080018ec                TIM6_DAC_IRQHandler
                0x080018ec                DCMI_IRQHandler
                0x080018ec                TIM8_UP_IRQHandler
                0x080018ec                OCTOSPI2_IRQHandler
                0x080018ec                DMA2_Channel2_IRQHandler
                0x080018ec                DMA1_Channel4_IRQHandler
                0x080018ec                SAI2_IRQHandler
                0x080018ec                DFSDM1_FLT3_IRQHandler
                0x080018ec                USART3_IRQHandler
                0x080018ec                DMA1_Channel7_IRQHandler
                0x080018ec                CAN1_RX1_IRQHandler
                0x080018ec                UART5_IRQHandler
                0x080018ec                TIM4_IRQHandler
                0x080018ec                DMA2_Channel1_IRQHandler
                0x080018ec                I2C1_EV_IRQHandler
                0x080018ec                DMAMUX1_OVR_IRQHandler
                0x080018ec                DMA1_Channel6_IRQHandler
                0x080018ec                UART4_IRQHandler
                0x080018ec                DMA2_Channel4_IRQHandler
                0x080018ec                TIM3_IRQHandler
                0x080018ec                RCC_IRQHandler
                0x080018ec                DMA1_Channel1_IRQHandler
                0x080018ec                Default_Handler
                0x080018ec                DMA2_Channel7_IRQHandler
                0x080018ec                TIM7_IRQHandler
                0x080018ec                SDMMC1_IRQHandler
                0x080018ec                TIM5_IRQHandler
                0x080018ec                I2C3_EV_IRQHandler
                0x080018ec                RTC_WKUP_IRQHandler
                0x080018ec                LTDC_IRQHandler
                0x080018ec                PVD_PVM_IRQHandler
                0x080018ec                SPI2_IRQHandler
                0x080018ec                CAN1_TX_IRQHandler
                0x080018ec                DMA2_Channel5_IRQHandler
                0x080018ec                DMA1_Channel5_IRQHandler
                0x080018ec                EXTI4_IRQHandler
                0x080018ec                RNG_IRQHandler
                0x080018ec                TIM1_TRG_COM_TIM17_IRQHandler
                0x080018ec                DMA1_Channel3_IRQHandler
                0x080018ec                COMP_IRQHandler
                0x080018ec                HASH_CRS_IRQHandler
                0x080018ec                WWDG_IRQHandler
                0x080018ec                I2C4_EV_IRQHandler
                0x080018ec                LPUART1_IRQHandler
                0x080018ec                DMA2_Channel6_IRQHandler
                0x080018ec                TIM2_IRQHandler
                0x080018ec                DMA2D_IRQHandler
                0x080018ec                EXTI1_IRQHandler
                0x080018ec                AES_IRQHandler
                0x080018ec                USART2_IRQHandler
                0x080018ec                DFSDM1_FLT0_IRQHandler
                0x080018ec                I2C2_ER_IRQHandler
                0x080018ec                DMA1_Channel2_IRQHandler
                0x080018ec                TIM8_BRK_IRQHandler
                0x080018ec                CAN1_SCE_IRQHandler
                0x080018ec                FLASH_IRQHandler
                0x080018ec                USART1_IRQHandler
                0x080018ec                OTG_FS_IRQHandler
                0x080018ec                SPI3_IRQHandler
                0x080018ec                I2C1_ER_IRQHandler
                0x080018ec                FMC_IRQHandler
                0x080018ec                LPTIM1_IRQHandler
                0x080018ec                I2C4_ER_IRQHandler
                0x080018ec                SAI1_IRQHandler
                0x080018ec                DMA2_Channel3_IRQHandler
                0x080018ec                TIM1_BRK_TIM15_IRQHandler
 .text.HAL_Init
                0x080018ee       0x30 ./Drivers/STM32L4xx_HAL_Driver/Src/stm32l4xx_hal.o
                0x080018ee                HAL_Init
 *fill*         0x0800191e        0x2 
 .text.HAL_InitTick
                0x08001920       0x78 ./Drivers/STM32L4xx_HAL_Driver/Src/stm32l4xx_hal.o
                0x08001920                HAL_InitTick
 .text.HAL_IncTick
                0x08001998       0x28 ./Drivers/STM32L4xx_HAL_Driver/Src/stm32l4xx_hal.o
                0x08001998                HAL_IncTick
 .text.HAL_GetTick
                0x080019c0       0x18 ./Drivers/STM32L4xx_HAL_Driver/Src/stm32l4xx_hal.o
                0x080019c0                HAL_GetTick
 .text.LL_ADC_SetCommonClock
                0x080019d8       0x26 ./Drivers/STM32L4xx_HAL_Driver/Src/stm32l4xx_hal_adc.o
 .text.LL_ADC_SetCommonPathInternalCh
                0x080019fe       0x26 ./Drivers/STM32L4xx_HAL_Driver/Src/stm32l4xx_hal_adc.o
 .text.LL_ADC_GetCommonPathInternalCh
                0x08001a24       0x1c ./Drivers/STM32L4xx_HAL_Driver/Src/stm32l4xx_hal_adc.o
 .text.LL_ADC_SetOffset
                0x08001a40       0x48 ./Drivers/STM32L4xx_HAL_Driver/Src/stm32l4xx_hal_adc.o
 .text.LL_ADC_GetOffsetChannel
                0x08001a88       0x2c ./Drivers/STM32L4xx_HAL_Driver/Src/stm32l4xx_hal_adc.o
 .text.LL_ADC_SetOffsetState
                0x08001ab4       0x36 ./Drivers/STM32L4xx_HAL_Driver/Src/stm32l4xx_hal_adc.o
 .text.LL_ADC_SetSamplingTimeCommonConfig
                0x08001aea       0x26 ./Drivers/STM32L4xx_HAL_Driver/Src/stm32l4xx_hal_adc.o
 .text.LL_ADC_REG_IsTriggerSourceSWStart
                0x08001b10       0x26 ./Drivers/STM32L4xx_HAL_Driver/Src/stm32l4xx_hal_adc.o
 .text.LL_ADC_REG_SetSequencerRanks
                0x08001b36       0x58 ./Drivers/STM32L4xx_HAL_Driver/Src/stm32l4xx_hal_adc.o
 .text.LL_ADC_INJ_IsTriggerSourceSWStart
                0x08001b8e       0x26 ./Drivers/STM32L4xx_HAL_Driver/Src/stm32l4xx_hal_adc.o
 .text.LL_ADC_SetChannelSamplingTime
                0x08001bb4       0x56 ./Drivers/STM32L4xx_HAL_Driver/Src/stm32l4xx_hal_adc.o
 *fill*         0x08001c0a        0x2 
 .text.LL_ADC_SetChannelSingleDiff
                0x08001c0c       0x48 ./Drivers/STM32L4xx_HAL_Driver/Src/stm32l4xx_hal_adc.o
 .text.LL_ADC_DisableDeepPowerDown
                0x08001c54       0x24 ./Drivers/STM32L4xx_HAL_Driver/Src/stm32l4xx_hal_adc.o
 .text.LL_ADC_IsDeepPowerDownEnabled
                0x08001c78       0x28 ./Drivers/STM32L4xx_HAL_Driver/Src/stm32l4xx_hal_adc.o
 .text.LL_ADC_EnableInternalRegulator
                0x08001ca0       0x28 ./Drivers/STM32L4xx_HAL_Driver/Src/stm32l4xx_hal_adc.o
 .text.LL_ADC_IsInternalRegulatorEnabled
                0x08001cc8       0x28 ./Drivers/STM32L4xx_HAL_Driver/Src/stm32l4xx_hal_adc.o
 .text.LL_ADC_Enable
                0x08001cf0       0x28 ./Drivers/STM32L4xx_HAL_Driver/Src/stm32l4xx_hal_adc.o
 .text.LL_ADC_IsEnabled
                0x08001d18       0x26 ./Drivers/STM32L4xx_HAL_Driver/Src/stm32l4xx_hal_adc.o
 .text.LL_ADC_REG_StartConversion
                0x08001d3e       0x28 ./Drivers/STM32L4xx_HAL_Driver/Src/stm32l4xx_hal_adc.o
 .text.LL_ADC_REG_IsConversionOngoing
                0x08001d66       0x26 ./Drivers/STM32L4xx_HAL_Driver/Src/stm32l4xx_hal_adc.o
 .text.LL_ADC_INJ_IsConversionOngoing
                0x08001d8c       0x26 ./Drivers/STM32L4xx_HAL_Driver/Src/stm32l4xx_hal_adc.o
 *fill*         0x08001db2        0x2 
 .text.HAL_ADC_Init
                0x08001db4      0x28c ./Drivers/STM32L4xx_HAL_Driver/Src/stm32l4xx_hal_adc.o
                0x08001db4                HAL_ADC_Init
 .text.HAL_ADC_Start_IT
                0x08002040      0x168 ./Drivers/STM32L4xx_HAL_Driver/Src/stm32l4xx_hal_adc.o
                0x08002040                HAL_ADC_Start_IT
 .text.HAL_ADC_GetValue
                0x080021a8       0x1a ./Drivers/STM32L4xx_HAL_Driver/Src/stm32l4xx_hal_adc.o
                0x080021a8                HAL_ADC_GetValue
 .text.HAL_ADC_IRQHandler
                0x080021c2      0x368 ./Drivers/STM32L4xx_HAL_Driver/Src/stm32l4xx_hal_adc.o
                0x080021c2                HAL_ADC_IRQHandler
 .text.HAL_ADC_LevelOutOfWindowCallback
                0x0800252a       0x14 ./Drivers/STM32L4xx_HAL_Driver/Src/stm32l4xx_hal_adc.o
                0x0800252a                HAL_ADC_LevelOutOfWindowCallback
 .text.HAL_ADC_ErrorCallback
                0x0800253e       0x14 ./Drivers/STM32L4xx_HAL_Driver/Src/stm32l4xx_hal_adc.o
                0x0800253e                HAL_ADC_ErrorCallback
 *fill*         0x08002552        0x2 
 .text.HAL_ADC_ConfigChannel
                0x08002554      0x7f8 ./Drivers/STM32L4xx_HAL_Driver/Src/stm32l4xx_hal_adc.o
                0x08002554                HAL_ADC_ConfigChannel
 .text.ADC_Enable
                0x08002d4c      0x10c ./Drivers/STM32L4xx_HAL_Driver/Src/stm32l4xx_hal_adc.o
                0x08002d4c                ADC_Enable
 .text.HAL_ADCEx_InjectedConvCpltCallback
                0x08002e58       0x14 ./Drivers/STM32L4xx_HAL_Driver/Src/stm32l4xx_hal_adc_ex.o
                0x08002e58                HAL_ADCEx_InjectedConvCpltCallback
 .text.HAL_ADCEx_InjectedQueueOverflowCallback
                0x08002e6c       0x14 ./Drivers/STM32L4xx_HAL_Driver/Src/stm32l4xx_hal_adc_ex.o
                0x08002e6c                HAL_ADCEx_InjectedQueueOverflowCallback
 .text.HAL_ADCEx_LevelOutOfWindow2Callback
                0x08002e80       0x14 ./Drivers/STM32L4xx_HAL_Driver/Src/stm32l4xx_hal_adc_ex.o
                0x08002e80                HAL_ADCEx_LevelOutOfWindow2Callback
 .text.HAL_ADCEx_LevelOutOfWindow3Callback
                0x08002e94       0x14 ./Drivers/STM32L4xx_HAL_Driver/Src/stm32l4xx_hal_adc_ex.o
                0x08002e94                HAL_ADCEx_LevelOutOfWindow3Callback
 .text.HAL_ADCEx_EndOfSamplingCallback
                0x08002ea8       0x14 ./Drivers/STM32L4xx_HAL_Driver/Src/stm32l4xx_hal_adc_ex.o
                0x08002ea8                HAL_ADCEx_EndOfSamplingCallback
 .text.__NVIC_SetPriorityGrouping
                0x08002ebc       0x48 ./Drivers/STM32L4xx_HAL_Driver/Src/stm32l4xx_hal_cortex.o
 .text.__NVIC_GetPriorityGrouping
                0x08002f04       0x1c ./Drivers/STM32L4xx_HAL_Driver/Src/stm32l4xx_hal_cortex.o
 .text.__NVIC_EnableIRQ
                0x08002f20       0x3c ./Drivers/STM32L4xx_HAL_Driver/Src/stm32l4xx_hal_cortex.o
 .text.__NVIC_SetPriority
                0x08002f5c       0x54 ./Drivers/STM32L4xx_HAL_Driver/Src/stm32l4xx_hal_cortex.o
 .text.NVIC_EncodePriority
                0x08002fb0       0x66 ./Drivers/STM32L4xx_HAL_Driver/Src/stm32l4xx_hal_cortex.o
 *fill*         0x08003016        0x2 
 .text.SysTick_Config
                0x08003018       0x44 ./Drivers/STM32L4xx_HAL_Driver/Src/stm32l4xx_hal_cortex.o
 .text.HAL_NVIC_SetPriorityGrouping
                0x0800305c       0x16 ./Drivers/STM32L4xx_HAL_Driver/Src/stm32l4xx_hal_cortex.o
                0x0800305c                HAL_NVIC_SetPriorityGrouping
 .text.HAL_NVIC_SetPriority
                0x08003072       0x38 ./Drivers/STM32L4xx_HAL_Driver/Src/stm32l4xx_hal_cortex.o
                0x08003072                HAL_NVIC_SetPriority
 .text.HAL_NVIC_EnableIRQ
                0x080030aa       0x1c ./Drivers/STM32L4xx_HAL_Driver/Src/stm32l4xx_hal_cortex.o
                0x080030aa                HAL_NVIC_EnableIRQ
 .text.HAL_SYSTICK_Config
                0x080030c6       0x18 ./Drivers/STM32L4xx_HAL_Driver/Src/stm32l4xx_hal_cortex.o
                0x080030c6                HAL_SYSTICK_Config
 *fill*         0x080030de        0x2 
 .text.HAL_DFSDM_ChannelInit
                0x080030e0      0x180 ./Drivers/STM32L4xx_HAL_Driver/Src/stm32l4xx_hal_dfsdm.o
                0x080030e0                HAL_DFSDM_ChannelInit
 .text.DFSDM_GetChannelFromInstance
                0x08003260       0x98 ./Drivers/STM32L4xx_HAL_Driver/Src/stm32l4xx_hal_dfsdm.o
 .text.HAL_GPIO_Init
                0x080032f8      0x324 ./Drivers/STM32L4xx_HAL_Driver/Src/stm32l4xx_hal_gpio.o
                0x080032f8                HAL_GPIO_Init
 .text.HAL_GPIO_WritePin
                0x0800361c       0x30 ./Drivers/STM32L4xx_HAL_Driver/Src/stm32l4xx_hal_gpio.o
                0x0800361c                HAL_GPIO_WritePin
 .text.HAL_GPIO_EXTI_IRQHandler
                0x0800364c       0x30 ./Drivers/STM32L4xx_HAL_Driver/Src/stm32l4xx_hal_gpio.o
                0x0800364c                HAL_GPIO_EXTI_IRQHandler
 .text.HAL_I2C_Init
                0x0800367c      0x136 ./Drivers/STM32L4xx_HAL_Driver/Src/stm32l4xx_hal_i2c.o
                0x0800367c                HAL_I2C_Init
 .text.HAL_I2CEx_ConfigAnalogFilter
                0x080037b2       0x96 ./Drivers/STM32L4xx_HAL_Driver/Src/stm32l4xx_hal_i2c_ex.o
                0x080037b2                HAL_I2CEx_ConfigAnalogFilter
 .text.HAL_I2CEx_ConfigDigitalFilter
                0x08003848       0x98 ./Drivers/STM32L4xx_HAL_Driver/Src/stm32l4xx_hal_i2c_ex.o
                0x08003848                HAL_I2CEx_ConfigDigitalFilter
 .text.HAL_OSPI_Init
                0x080038e0      0x154 ./Drivers/STM32L4xx_HAL_Driver/Src/stm32l4xx_hal_ospi.o
                0x080038e0                HAL_OSPI_Init
 .text.HAL_OSPI_SetTimeout
                0x08003a34       0x1e ./Drivers/STM32L4xx_HAL_Driver/Src/stm32l4xx_hal_ospi.o
                0x08003a34                HAL_OSPI_SetTimeout
 *fill*         0x08003a52        0x2 
 .text.HAL_OSPIM_Config
                0x08003a54      0x670 ./Drivers/STM32L4xx_HAL_Driver/Src/stm32l4xx_hal_ospi.o
                0x08003a54                HAL_OSPIM_Config
 .text.OSPI_WaitFlagStateUntilTimeout
                0x080040c4       0x6e ./Drivers/STM32L4xx_HAL_Driver/Src/stm32l4xx_hal_ospi.o
 *fill*         0x08004132        0x2 
 .text.OSPIM_GetConfig
                0x08004134      0x160 ./Drivers/STM32L4xx_HAL_Driver/Src/stm32l4xx_hal_ospi.o
 .text.HAL_PWR_EnableBkUpAccess
                0x08004294       0x20 ./Drivers/STM32L4xx_HAL_Driver/Src/stm32l4xx_hal_pwr.o
                0x08004294                HAL_PWR_EnableBkUpAccess
 .text.HAL_PWREx_GetVoltageRange
                0x080042b4       0x40 ./Drivers/STM32L4xx_HAL_Driver/Src/stm32l4xx_hal_pwr_ex.o
                0x080042b4                HAL_PWREx_GetVoltageRange
 .text.HAL_PWREx_ControlVoltageScaling
                0x080042f4      0x148 ./Drivers/STM32L4xx_HAL_Driver/Src/stm32l4xx_hal_pwr_ex.o
                0x080042f4                HAL_PWREx_ControlVoltageScaling
 .text.HAL_RCC_OscConfig
                0x0800443c      0x834 ./Drivers/STM32L4xx_HAL_Driver/Src/stm32l4xx_hal_rcc.o
                0x0800443c                HAL_RCC_OscConfig
 .text.HAL_RCC_ClockConfig
                0x08004c70      0x274 ./Drivers/STM32L4xx_HAL_Driver/Src/stm32l4xx_hal_rcc.o
                0x08004c70                HAL_RCC_ClockConfig
 .text.HAL_RCC_GetSysClockFreq
                0x08004ee4      0x118 ./Drivers/STM32L4xx_HAL_Driver/Src/stm32l4xx_hal_rcc.o
                0x08004ee4                HAL_RCC_GetSysClockFreq
 .text.HAL_RCC_GetHCLKFreq
                0x08004ffc       0x18 ./Drivers/STM32L4xx_HAL_Driver/Src/stm32l4xx_hal_rcc.o
                0x08004ffc                HAL_RCC_GetHCLKFreq
 .text.HAL_RCC_GetPCLK1Freq
                0x08005014       0x2c ./Drivers/STM32L4xx_HAL_Driver/Src/stm32l4xx_hal_rcc.o
                0x08005014                HAL_RCC_GetPCLK1Freq
 .text.HAL_RCC_GetPCLK2Freq
                0x08005040       0x2c ./Drivers/STM32L4xx_HAL_Driver/Src/stm32l4xx_hal_rcc.o
                0x08005040                HAL_RCC_GetPCLK2Freq
 .text.RCC_SetFlashLatencyFromMSIRange
                0x0800506c       0xb4 ./Drivers/STM32L4xx_HAL_Driver/Src/stm32l4xx_hal_rcc.o
 .text.RCC_GetSysClockFreqFromPLLSource
                0x08005120       0xcc ./Drivers/STM32L4xx_HAL_Driver/Src/stm32l4xx_hal_rcc.o
 .text.HAL_RCCEx_PeriphCLKConfig
                0x080051ec      0x660 ./Drivers/STM32L4xx_HAL_Driver/Src/stm32l4xx_hal_rcc_ex.o
                0x080051ec                HAL_RCCEx_PeriphCLKConfig
 .text.HAL_RCCEx_EnableMSIPLLMode
                0x0800584c       0x20 ./Drivers/STM32L4xx_HAL_Driver/Src/stm32l4xx_hal_rcc_ex.o
                0x0800584c                HAL_RCCEx_EnableMSIPLLMode
 .text.RCCEx_PLLSAI1_Config
                0x0800586c      0x1e8 ./Drivers/STM32L4xx_HAL_Driver/Src/stm32l4xx_hal_rcc_ex.o
 .text.RCCEx_PLLSAI2_Config
                0x08005a54      0x1e8 ./Drivers/STM32L4xx_HAL_Driver/Src/stm32l4xx_hal_rcc_ex.o
 .text.HAL_SPI_Init
                0x08005c3c      0x146 ./Drivers/STM32L4xx_HAL_Driver/Src/stm32l4xx_hal_spi.o
                0x08005c3c                HAL_SPI_Init
 .text.HAL_TIM_Base_Init
                0x08005d82       0xae ./Drivers/STM32L4xx_HAL_Driver/Src/stm32l4xx_hal_tim.o
                0x08005d82                HAL_TIM_Base_Init
 .text.HAL_TIM_Base_Start_IT
                0x08005e30       0xe0 ./Drivers/STM32L4xx_HAL_Driver/Src/stm32l4xx_hal_tim.o
                0x08005e30                HAL_TIM_Base_Start_IT
 .text.HAL_TIM_IRQHandler
                0x08005f10      0x20e ./Drivers/STM32L4xx_HAL_Driver/Src/stm32l4xx_hal_tim.o
                0x08005f10                HAL_TIM_IRQHandler
 .text.HAL_TIM_OC_DelayElapsedCallback
                0x0800611e       0x14 ./Drivers/STM32L4xx_HAL_Driver/Src/stm32l4xx_hal_tim.o
                0x0800611e                HAL_TIM_OC_DelayElapsedCallback
 .text.HAL_TIM_IC_CaptureCallback
                0x08006132       0x14 ./Drivers/STM32L4xx_HAL_Driver/Src/stm32l4xx_hal_tim.o
                0x08006132                HAL_TIM_IC_CaptureCallback
 .text.HAL_TIM_PWM_PulseFinishedCallback
                0x08006146       0x14 ./Drivers/STM32L4xx_HAL_Driver/Src/stm32l4xx_hal_tim.o
                0x08006146                HAL_TIM_PWM_PulseFinishedCallback
 .text.HAL_TIM_TriggerCallback
                0x0800615a       0x14 ./Drivers/STM32L4xx_HAL_Driver/Src/stm32l4xx_hal_tim.o
                0x0800615a                HAL_TIM_TriggerCallback
 *fill*         0x0800616e        0x2 
 .text.TIM_Base_SetConfig
                0x08006170      0x14c ./Drivers/STM32L4xx_HAL_Driver/Src/stm32l4xx_hal_tim.o
                0x08006170                TIM_Base_SetConfig
 .text.HAL_TIMEx_CommutCallback
                0x080062bc       0x14 ./Drivers/STM32L4xx_HAL_Driver/Src/stm32l4xx_hal_tim_ex.o
                0x080062bc                HAL_TIMEx_CommutCallback
 .text.HAL_TIMEx_BreakCallback
                0x080062d0       0x14 ./Drivers/STM32L4xx_HAL_Driver/Src/stm32l4xx_hal_tim_ex.o
                0x080062d0                HAL_TIMEx_BreakCallback
 .text.HAL_TIMEx_Break2Callback
                0x080062e4       0x14 ./Drivers/STM32L4xx_HAL_Driver/Src/stm32l4xx_hal_tim_ex.o
                0x080062e4                HAL_TIMEx_Break2Callback
 .text.HAL_UART_Init
                0x080062f8       0xa0 ./Drivers/STM32L4xx_HAL_Driver/Src/stm32l4xx_hal_uart.o
                0x080062f8                HAL_UART_Init
 .text.UART_SetConfig
                0x08006398      0x5f8 ./Drivers/STM32L4xx_HAL_Driver/Src/stm32l4xx_hal_uart.o
                0x08006398                UART_SetConfig
 .text.UART_AdvFeatureConfig
                0x08006990      0x144 ./Drivers/STM32L4xx_HAL_Driver/Src/stm32l4xx_hal_uart.o
                0x08006990                UART_AdvFeatureConfig
 .text.UART_CheckIdleState
                0x08006ad4      0x154 ./Drivers/STM32L4xx_HAL_Driver/Src/stm32l4xx_hal_uart.o
                0x08006ad4                UART_CheckIdleState
 .text.UART_WaitOnFlagUntilTimeout
                0x08006c28       0xda ./Drivers/STM32L4xx_HAL_Driver/Src/stm32l4xx_hal_uart.o
                0x08006c28                UART_WaitOnFlagUntilTimeout
 .text.UART_EndRxTransfer
                0x08006d02       0xcc ./Drivers/STM32L4xx_HAL_Driver/Src/stm32l4xx_hal_uart.o
 .text.HAL_UARTEx_DisableFifoMode
                0x08006dce       0x72 ./Drivers/STM32L4xx_HAL_Driver/Src/stm32l4xx_hal_uart_ex.o
                0x08006dce                HAL_UARTEx_DisableFifoMode
 .text.HAL_UARTEx_SetTxFifoThreshold
                0x08006e40       0x7c ./Drivers/STM32L4xx_HAL_Driver/Src/stm32l4xx_hal_uart_ex.o
                0x08006e40                HAL_UARTEx_SetTxFifoThreshold
 .text.HAL_UARTEx_SetRxFifoThreshold
                0x08006ebc       0x7c ./Drivers/STM32L4xx_HAL_Driver/Src/stm32l4xx_hal_uart_ex.o
                0x08006ebc                HAL_UARTEx_SetRxFifoThreshold
 .text.UARTEx_SetNbDataToProcess
                0x08006f38       0x9c ./Drivers/STM32L4xx_HAL_Driver/Src/stm32l4xx_hal_uart_ex.o
 .text.memset   0x08006fd4       0x10 C:/ST/STM32CubeIDE_1.17.0/STM32CubeIDE/plugins/com.st.stm32cube.ide.mcu.externaltools.gnu-tools-for-stm32.12.3.rel1.win32_1.1.0.202410251130/tools/bin/../lib/gcc/arm-none-eabi/12.3.1/../../../../arm-none-eabi/lib/thumb/v7e-m+fp/hard\libc_nano.a(libc_a-memset.o)
                0x08006fd4                memset
 .text.__libc_init_array
                0x08006fe4       0x48 C:/ST/STM32CubeIDE_1.17.0/STM32CubeIDE/plugins/com.st.stm32cube.ide.mcu.externaltools.gnu-tools-for-stm32.12.3.rel1.win32_1.1.0.202410251130/tools/bin/../lib/gcc/arm-none-eabi/12.3.1/../../../../arm-none-eabi/lib/thumb/v7e-m+fp/hard\libc_nano.a(libc_a-init.o)
                0x08006fe4                __libc_init_array
 *(.glue_7)
 .glue_7        0x0800702c        0x0 linker stubs
 *(.glue_7t)
 .glue_7t       0x0800702c        0x0 linker stubs
 *(.eh_frame)
 .eh_frame      0x0800702c        0x0 C:/ST/STM32CubeIDE_1.17.0/STM32CubeIDE/plugins/com.st.stm32cube.ide.mcu.externaltools.gnu-tools-for-stm32.12.3.rel1.win32_1.1.0.202410251130/tools/bin/../lib/gcc/arm-none-eabi/12.3.1/thumb/v7e-m+fp/hard/crtbegin.o
 *(.init)
 .init          0x0800702c        0x4 C:/ST/STM32CubeIDE_1.17.0/STM32CubeIDE/plugins/com.st.stm32cube.ide.mcu.externaltools.gnu-tools-for-stm32.12.3.rel1.win32_1.1.0.202410251130/tools/bin/../lib/gcc/arm-none-eabi/12.3.1/thumb/v7e-m+fp/hard/crti.o
                0x0800702c                _init
 .init          0x08007030        0x8 C:/ST/STM32CubeIDE_1.17.0/STM32CubeIDE/plugins/com.st.stm32cube.ide.mcu.externaltools.gnu-tools-for-stm32.12.3.rel1.win32_1.1.0.202410251130/tools/bin/../lib/gcc/arm-none-eabi/12.3.1/thumb/v7e-m+fp/hard/crtn.o
 *(.fini)
 .fini          0x08007038        0x4 C:/ST/STM32CubeIDE_1.17.0/STM32CubeIDE/plugins/com.st.stm32cube.ide.mcu.externaltools.gnu-tools-for-stm32.12.3.rel1.win32_1.1.0.202410251130/tools/bin/../lib/gcc/arm-none-eabi/12.3.1/thumb/v7e-m+fp/hard/crti.o
                0x08007038                _fini
 .fini          0x0800703c        0x8 C:/ST/STM32CubeIDE_1.17.0/STM32CubeIDE/plugins/com.st.stm32cube.ide.mcu.externaltools.gnu-tools-for-stm32.12.3.rel1.win32_1.1.0.202410251130/tools/bin/../lib/gcc/arm-none-eabi/12.3.1/thumb/v7e-m+fp/hard/crtn.o
                0x08007044                        . = ALIGN (0x4)
                0x08007044                        _etext = .

.vfp11_veneer   0x08007044        0x0
 .vfp11_veneer  0x08007044        0x0 linker stubs

.v4_bx          0x08007044        0x0
 .v4_bx         0x08007044        0x0 linker stubs

.iplt           0x08007044        0x0
 .iplt          0x08007044        0x0 C:/ST/STM32CubeIDE_1.17.0/STM32CubeIDE/plugins/com.st.stm32cube.ide.mcu.externaltools.gnu-tools-for-stm32.12.3.rel1.win32_1.1.0.202410251130/tools/bin/../lib/gcc/arm-none-eabi/12.3.1/thumb/v7e-m+fp/hard/crtbegin.o

.rodata         0x08007044       0x70
                0x08007044                        . = ALIGN (0x4)
 *(.rodata)
 *(.rodata*)
 .rodata.AHBPrescTable
                0x08007044       0x10 ./Core/Src/system_stm32l4xx.o
                0x08007044                AHBPrescTable
 .rodata.APBPrescTable
                0x08007054        0x8 ./Core/Src/system_stm32l4xx.o
                0x08007054                APBPrescTable
 .rodata.MSIRangeTable
                0x0800705c       0x30 ./Core/Src/system_stm32l4xx.o
                0x0800705c                MSIRangeTable
 .rodata.UARTPrescTable
                0x0800708c       0x18 ./Drivers/STM32L4xx_HAL_Driver/Src/stm32l4xx_hal_uart.o
                0x0800708c                UARTPrescTable
 .rodata.numerator.1
                0x080070a4        0x8 ./Drivers/STM32L4xx_HAL_Driver/Src/stm32l4xx_hal_uart_ex.o
 .rodata.denominator.0
                0x080070ac        0x8 ./Drivers/STM32L4xx_HAL_Driver/Src/stm32l4xx_hal_uart_ex.o
                0x080070b4                        . = ALIGN (0x4)

.ARM.extab      0x080070b4        0x0
                0x080070b4                        . = ALIGN (0x4)
 *(.ARM.extab* .gnu.linkonce.armextab.*)
                0x080070b4                        . = ALIGN (0x4)

.ARM            0x080070b4        0x8
                0x080070b4                        . = ALIGN (0x4)
                0x080070b4                        __exidx_start = .
 *(.ARM.exidx*)
 .ARM.exidx     0x080070b4        0x8 C:/ST/STM32CubeIDE_1.17.0/STM32CubeIDE/plugins/com.st.stm32cube.ide.mcu.externaltools.gnu-tools-for-stm32.12.3.rel1.win32_1.1.0.202410251130/tools/bin/../lib/gcc/arm-none-eabi/12.3.1/thumb/v7e-m+fp/hard\libgcc.a(_udivmoddi4.o)
                0x080070bc                        __exidx_end = .
                0x080070bc                        . = ALIGN (0x4)

.preinit_array  0x080070bc        0x0
                0x080070bc                        . = ALIGN (0x4)
                0x080070bc                        PROVIDE (__preinit_array_start = .)
 *(.preinit_array*)
                0x080070bc                        PROVIDE (__preinit_array_end = .)
                0x080070bc                        . = ALIGN (0x4)

.init_array     0x080070bc        0x4
                0x080070bc                        . = ALIGN (0x4)
                0x080070bc                        PROVIDE (__init_array_start = .)
 *(SORT_BY_NAME(.init_array.*))
 *(.init_array*)
 .init_array    0x080070bc        0x4 C:/ST/STM32CubeIDE_1.17.0/STM32CubeIDE/plugins/com.st.stm32cube.ide.mcu.externaltools.gnu-tools-for-stm32.12.3.rel1.win32_1.1.0.202410251130/tools/bin/../lib/gcc/arm-none-eabi/12.3.1/thumb/v7e-m+fp/hard/crtbegin.o
                0x080070c0                        PROVIDE (__init_array_end = .)
                0x080070c0                        . = ALIGN (0x4)

.fini_array     0x080070c0        0x4
                0x080070c0                        . = ALIGN (0x4)
                [!provide]                        PROVIDE (__fini_array_start = .)
 *(SORT_BY_NAME(.fini_array.*))
 *(.fini_array*)
 .fini_array    0x080070c0        0x4 C:/ST/STM32CubeIDE_1.17.0/STM32CubeIDE/plugins/com.st.stm32cube.ide.mcu.externaltools.gnu-tools-for-stm32.12.3.rel1.win32_1.1.0.202410251130/tools/bin/../lib/gcc/arm-none-eabi/12.3.1/thumb/v7e-m+fp/hard/crtbegin.o
                [!provide]                        PROVIDE (__fini_array_end = .)
                0x080070c4                        . = ALIGN (0x4)
                0x080070c4                        _sidata = LOADADDR (.data)

.rel.dyn        0x080070c4        0x0
 .rel.iplt      0x080070c4        0x0 C:/ST/STM32CubeIDE_1.17.0/STM32CubeIDE/plugins/com.st.stm32cube.ide.mcu.externaltools.gnu-tools-for-stm32.12.3.rel1.win32_1.1.0.202410251130/tools/bin/../lib/gcc/arm-none-eabi/12.3.1/thumb/v7e-m+fp/hard/crtbegin.o

.data           0x20000000       0x10 load address 0x080070c4
                0x20000000                        . = ALIGN (0x4)
                0x20000000                        _sdata = .
 *(.data)
 *(.data*)
 .data.adc_sampling_1000hz
                0x20000000        0x1 ./Core/Src/main.o
                0x20000000                adc_sampling_1000hz
 *fill*         0x20000001        0x3 
 .data.SystemCoreClock
                0x20000004        0x4 ./Core/Src/system_stm32l4xx.o
                0x20000004                SystemCoreClock
 .data.uwTickPrio
                0x20000008        0x4 ./Drivers/STM32L4xx_HAL_Driver/Src/stm32l4xx_hal.o
                0x20000008                uwTickPrio
 .data.uwTickFreq
                0x2000000c        0x1 ./Drivers/STM32L4xx_HAL_Driver/Src/stm32l4xx_hal.o
                0x2000000c                uwTickFreq
 *(.RamFunc)
 *(.RamFunc*)
                0x20000010                        . = ALIGN (0x4)
 *fill*         0x2000000d        0x3 
                0x20000010                        _edata = .

.igot.plt       0x20000010        0x0 load address 0x080070d4
 .igot.plt      0x20000010        0x0 C:/ST/STM32CubeIDE_1.17.0/STM32CubeIDE/plugins/com.st.stm32cube.ide.mcu.externaltools.gnu-tools-for-stm32.12.3.rel1.win32_1.1.0.202410251130/tools/bin/../lib/gcc/arm-none-eabi/12.3.1/thumb/v7e-m+fp/hard/crtbegin.o
                0x20000010                        . = ALIGN (0x4)

.bss            0x20000010      0x54c load address 0x080070d4
                0x20000010                        _sbss = .
                0x20000010                        __bss_start__ = _sbss
 *(.bss)
 .bss           0x20000010       0x1c C:/ST/STM32CubeIDE_1.17.0/STM32CubeIDE/plugins/com.st.stm32cube.ide.mcu.externaltools.gnu-tools-for-stm32.12.3.rel1.win32_1.1.0.202410251130/tools/bin/../lib/gcc/arm-none-eabi/12.3.1/thumb/v7e-m+fp/hard/crtbegin.o
 *(.bss*)
 .bss.hadc1     0x2000002c       0x68 ./Core/Src/main.o
                0x2000002c                hadc1
 .bss.hdfsdm1_channel2
                0x20000094       0x38 ./Core/Src/main.o
                0x20000094                hdfsdm1_channel2
 .bss.hi2c1     0x200000cc       0x54 ./Core/Src/main.o
                0x200000cc                hi2c1
 .bss.hi2c2     0x20000120       0x54 ./Core/Src/main.o
                0x20000120                hi2c2
 .bss.hospi1    0x20000174       0x50 ./Core/Src/main.o
                0x20000174                hospi1
 .bss.hspi1     0x200001c4       0x64 ./Core/Src/main.o
                0x200001c4                hspi1
 .bss.hspi3     0x20000228       0x64 ./Core/Src/main.o
                0x20000228                hspi3
 .bss.htim16    0x2000028c       0x4c ./Core/Src/main.o
                0x2000028c                htim16
 .bss.huart4    0x200002d8       0x94 ./Core/Src/main.o
                0x200002d8                huart4
 .bss.huart1    0x2000036c       0x94 ./Core/Src/main.o
                0x2000036c                huart1
 .bss.huart2    0x20000400       0x94 ./Core/Src/main.o
                0x20000400                huart2
 .bss.huart3    0x20000494       0x94 ./Core/Src/main.o
                0x20000494                huart3
 .bss.adc_result
                0x20000528        0x4 ./Core/Src/main.o
                0x20000528                adc_result
 .bss.sampling_rate_divider
                0x2000052c        0x1 ./Core/Src/main.o
                0x2000052c                sampling_rate_divider
 *fill*         0x2000052d        0x3 
 .bss.DFSDM1_Init
                0x20000530        0x4 ./Core/Src/stm32l4xx_hal_msp.o
 .bss.uwTick    0x20000534        0x4 ./Drivers/STM32L4xx_HAL_Driver/Src/stm32l4xx_hal.o
                0x20000534                uwTick
 .bss.v_dfsdm1ChannelCounter
                0x20000538        0x4 ./Drivers/STM32L4xx_HAL_Driver/Src/stm32l4xx_hal_dfsdm.o
 .bss.a_dfsdm1ChannelHandle
                0x2000053c       0x20 ./Drivers/STM32L4xx_HAL_Driver/Src/stm32l4xx_hal_dfsdm.o
 *(COMMON)
                0x2000055c                        . = ALIGN (0x4)
                0x2000055c                        _ebss = .
                0x2000055c                        __bss_end__ = _ebss

._user_heap_stack
                0x2000055c      0x604 load address 0x080070d4
                0x20000560                        . = ALIGN (0x8)
 *fill*         0x2000055c        0x4 
                [!provide]                        PROVIDE (end = .)
                0x20000560                        PROVIDE (_end = .)
                0x20000760                        . = (. + _Min_Heap_Size)
 *fill*         0x20000560      0x200 
                0x20000b60                        . = (. + _Min_Stack_Size)
 *fill*         0x20000760      0x400 
                0x20000b60                        . = ALIGN (0x8)

/DISCARD/
 libc.a(*)
 libm.a(*)
 libgcc.a(*)

.ARM.attributes
                0x00000000       0x30
 *(.ARM.attributes)
 .ARM.attributes
                0x00000000       0x22 C:/ST/STM32CubeIDE_1.17.0/STM32CubeIDE/plugins/com.st.stm32cube.ide.mcu.externaltools.gnu-tools-for-stm32.12.3.rel1.win32_1.1.0.202410251130/tools/bin/../lib/gcc/arm-none-eabi/12.3.1/thumb/v7e-m+fp/hard/crti.o
 .ARM.attributes
                0x00000022       0x34 C:/ST/STM32CubeIDE_1.17.0/STM32CubeIDE/plugins/com.st.stm32cube.ide.mcu.externaltools.gnu-tools-for-stm32.12.3.rel1.win32_1.1.0.202410251130/tools/bin/../lib/gcc/arm-none-eabi/12.3.1/thumb/v7e-m+fp/hard/crtbegin.o
 .ARM.attributes
                0x00000056       0x34 ./Core/Src/main.o
 .ARM.attributes
                0x0000008a       0x34 ./Core/Src/stm32l4xx_hal_msp.o
 .ARM.attributes
                0x000000be       0x34 ./Core/Src/stm32l4xx_it.o
 .ARM.attributes
                0x000000f2       0x34 ./Core/Src/system_stm32l4xx.o
 .ARM.attributes
                0x00000126       0x21 ./Core/Startup/startup_stm32l4s5vitx.o
 .ARM.attributes
                0x00000147       0x34 ./Drivers/STM32L4xx_HAL_Driver/Src/stm32l4xx_hal.o
 .ARM.attributes
                0x0000017b       0x34 ./Drivers/STM32L4xx_HAL_Driver/Src/stm32l4xx_hal_adc.o
 .ARM.attributes
                0x000001af       0x34 ./Drivers/STM32L4xx_HAL_Driver/Src/stm32l4xx_hal_adc_ex.o
 .ARM.attributes
                0x000001e3       0x34 ./Drivers/STM32L4xx_HAL_Driver/Src/stm32l4xx_hal_cortex.o
 .ARM.attributes
                0x00000217       0x34 ./Drivers/STM32L4xx_HAL_Driver/Src/stm32l4xx_hal_dfsdm.o
 .ARM.attributes
                0x0000024b       0x34 ./Drivers/STM32L4xx_HAL_Driver/Src/stm32l4xx_hal_gpio.o
 .ARM.attributes
                0x0000027f       0x34 ./Drivers/STM32L4xx_HAL_Driver/Src/stm32l4xx_hal_i2c.o
 .ARM.attributes
                0x000002b3       0x34 ./Drivers/STM32L4xx_HAL_Driver/Src/stm32l4xx_hal_i2c_ex.o
 .ARM.attributes
                0x000002e7       0x34 ./Drivers/STM32L4xx_HAL_Driver/Src/stm32l4xx_hal_ospi.o
 .ARM.attributes
                0x0000031b       0x34 ./Drivers/STM32L4xx_HAL_Driver/Src/stm32l4xx_hal_pwr.o
 .ARM.attributes
                0x0000034f       0x34 ./Drivers/STM32L4xx_HAL_Driver/Src/stm32l4xx_hal_pwr_ex.o
 .ARM.attributes
                0x00000383       0x34 ./Drivers/STM32L4xx_HAL_Driver/Src/stm32l4xx_hal_rcc.o
 .ARM.attributes
                0x000003b7       0x34 ./Drivers/STM32L4xx_HAL_Driver/Src/stm32l4xx_hal_rcc_ex.o
 .ARM.attributes
                0x000003eb       0x34 ./Drivers/STM32L4xx_HAL_Driver/Src/stm32l4xx_hal_spi.o
 .ARM.attributes
                0x0000041f       0x34 ./Drivers/STM32L4xx_HAL_Driver/Src/stm32l4xx_hal_tim.o
 .ARM.attributes
                0x00000453       0x34 ./Drivers/STM32L4xx_HAL_Driver/Src/stm32l4xx_hal_tim_ex.o
 .ARM.attributes
                0x00000487       0x34 ./Drivers/STM32L4xx_HAL_Driver/Src/stm32l4xx_hal_uart.o
 .ARM.attributes
                0x000004bb       0x34 ./Drivers/STM32L4xx_HAL_Driver/Src/stm32l4xx_hal_uart_ex.o
 .ARM.attributes
                0x000004ef       0x34 C:/ST/STM32CubeIDE_1.17.0/STM32CubeIDE/plugins/com.st.stm32cube.ide.mcu.externaltools.gnu-tools-for-stm32.12.3.rel1.win32_1.1.0.202410251130/tools/bin/../lib/gcc/arm-none-eabi/12.3.1/../../../../arm-none-eabi/lib/thumb/v7e-m+fp/hard\libc_nano.a(libc_a-memset.o)
 .ARM.attributes
                0x00000523       0x34 C:/ST/STM32CubeIDE_1.17.0/STM32CubeIDE/plugins/com.st.stm32cube.ide.mcu.externaltools.gnu-tools-for-stm32.12.3.rel1.win32_1.1.0.202410251130/tools/bin/../lib/gcc/arm-none-eabi/12.3.1/../../../../arm-none-eabi/lib/thumb/v7e-m+fp/hard\libc_nano.a(libc_a-init.o)
 .ARM.attributes
                0x00000557       0x22 C:/ST/STM32CubeIDE_1.17.0/STM32CubeIDE/plugins/com.st.stm32cube.ide.mcu.externaltools.gnu-tools-for-stm32.12.3.rel1.win32_1.1.0.202410251130/tools/bin/../lib/gcc/arm-none-eabi/12.3.1/thumb/v7e-m+fp/hard\libgcc.a(_aeabi_uldivmod.o)
 .ARM.attributes
                0x00000579       0x34 C:/ST/STM32CubeIDE_1.17.0/STM32CubeIDE/plugins/com.st.stm32cube.ide.mcu.externaltools.gnu-tools-for-stm32.12.3.rel1.win32_1.1.0.202410251130/tools/bin/../lib/gcc/arm-none-eabi/12.3.1/thumb/v7e-m+fp/hard\libgcc.a(_udivmoddi4.o)
 .ARM.attributes
                0x000005ad       0x22 C:/ST/STM32CubeIDE_1.17.0/STM32CubeIDE/plugins/com.st.stm32cube.ide.mcu.externaltools.gnu-tools-for-stm32.12.3.rel1.win32_1.1.0.202410251130/tools/bin/../lib/gcc/arm-none-eabi/12.3.1/thumb/v7e-m+fp/hard\libgcc.a(_dvmd_tls.o)
 .ARM.attributes
                0x000005cf       0x22 C:/ST/STM32CubeIDE_1.17.0/STM32CubeIDE/plugins/com.st.stm32cube.ide.mcu.externaltools.gnu-tools-for-stm32.12.3.rel1.win32_1.1.0.202410251130/tools/bin/../lib/gcc/arm-none-eabi/12.3.1/thumb/v7e-m+fp/hard/crtn.o
OUTPUT(LOG550_lab1.elf elf32-littlearm)
LOAD linker stubs
LOAD C:/ST/STM32CubeIDE_1.17.0/STM32CubeIDE/plugins/com.st.stm32cube.ide.mcu.externaltools.gnu-tools-for-stm32.12.3.rel1.win32_1.1.0.202410251130/tools/bin/../lib/gcc/arm-none-eabi/12.3.1/../../../../arm-none-eabi/lib/thumb/v7e-m+fp/hard\libc.a
LOAD C:/ST/STM32CubeIDE_1.17.0/STM32CubeIDE/plugins/com.st.stm32cube.ide.mcu.externaltools.gnu-tools-for-stm32.12.3.rel1.win32_1.1.0.202410251130/tools/bin/../lib/gcc/arm-none-eabi/12.3.1/../../../../arm-none-eabi/lib/thumb/v7e-m+fp/hard\libm.a
LOAD C:/ST/STM32CubeIDE_1.17.0/STM32CubeIDE/plugins/com.st.stm32cube.ide.mcu.externaltools.gnu-tools-for-stm32.12.3.rel1.win32_1.1.0.202410251130/tools/bin/../lib/gcc/arm-none-eabi/12.3.1/thumb/v7e-m+fp/hard\libgcc.a

.debug_info     0x00000000    0x204e6
 .debug_info    0x00000000     0x2bfa ./Core/Src/main.o
 .debug_info    0x00002bfa     0x293f ./Core/Src/stm32l4xx_hal_msp.o
 .debug_info    0x00005539      0xcb0 ./Core/Src/stm32l4xx_it.o
 .debug_info    0x000061e9      0x5e9 ./Core/Src/system_stm32l4xx.o
 .debug_info    0x000067d2       0x30 ./Core/Startup/startup_stm32l4s5vitx.o
 .debug_info    0x00006802      0xb4f ./Drivers/STM32L4xx_HAL_Driver/Src/stm32l4xx_hal.o
 .debug_info    0x00007351     0x1e20 ./Drivers/STM32L4xx_HAL_Driver/Src/stm32l4xx_hal_adc.o
 .debug_info    0x00009171     0x1934 ./Drivers/STM32L4xx_HAL_Driver/Src/stm32l4xx_hal_adc_ex.o
 .debug_info    0x0000aaa5      0xd9f ./Drivers/STM32L4xx_HAL_Driver/Src/stm32l4xx_hal_cortex.o
 .debug_info    0x0000b844     0x1b78 ./Drivers/STM32L4xx_HAL_Driver/Src/stm32l4xx_hal_dfsdm.o
 .debug_info    0x0000d3bc      0x787 ./Drivers/STM32L4xx_HAL_Driver/Src/stm32l4xx_hal_gpio.o
 .debug_info    0x0000db43     0x21ea ./Drivers/STM32L4xx_HAL_Driver/Src/stm32l4xx_hal_i2c.o
 .debug_info    0x0000fd2d      0xafd ./Drivers/STM32L4xx_HAL_Driver/Src/stm32l4xx_hal_i2c_ex.o
 .debug_info    0x0001082a     0x180d ./Drivers/STM32L4xx_HAL_Driver/Src/stm32l4xx_hal_ospi.o
 .debug_info    0x00012037      0x99e ./Drivers/STM32L4xx_HAL_Driver/Src/stm32l4xx_hal_pwr.o
 .debug_info    0x000129d5      0xa0a ./Drivers/STM32L4xx_HAL_Driver/Src/stm32l4xx_hal_pwr_ex.o
 .debug_info    0x000133df      0xd32 ./Drivers/STM32L4xx_HAL_Driver/Src/stm32l4xx_hal_rcc.o
 .debug_info    0x00014111     0x1167 ./Drivers/STM32L4xx_HAL_Driver/Src/stm32l4xx_hal_rcc_ex.o
 .debug_info    0x00015278     0x165d ./Drivers/STM32L4xx_HAL_Driver/Src/stm32l4xx_hal_spi.o
 .debug_info    0x000168d5     0x2bc0 ./Drivers/STM32L4xx_HAL_Driver/Src/stm32l4xx_hal_tim.o
 .debug_info    0x00019495     0x17c4 ./Drivers/STM32L4xx_HAL_Driver/Src/stm32l4xx_hal_tim_ex.o
 .debug_info    0x0001ac59     0x4875 ./Drivers/STM32L4xx_HAL_Driver/Src/stm32l4xx_hal_uart.o
 .debug_info    0x0001f4ce     0x1018 ./Drivers/STM32L4xx_HAL_Driver/Src/stm32l4xx_hal_uart_ex.o

.debug_abbrev   0x00000000     0x357f
 .debug_abbrev  0x00000000      0x366 ./Core/Src/main.o
 .debug_abbrev  0x00000366      0x26d ./Core/Src/stm32l4xx_hal_msp.o
 .debug_abbrev  0x000005d3      0x1a5 ./Core/Src/stm32l4xx_it.o
 .debug_abbrev  0x00000778      0x11a ./Core/Src/system_stm32l4xx.o
 .debug_abbrev  0x00000892       0x24 ./Core/Startup/startup_stm32l4s5vitx.o
 .debug_abbrev  0x000008b6      0x242 ./Drivers/STM32L4xx_HAL_Driver/Src/stm32l4xx_hal.o
 .debug_abbrev  0x00000af8      0x2d4 ./Drivers/STM32L4xx_HAL_Driver/Src/stm32l4xx_hal_adc.o
 .debug_abbrev  0x00000dcc      0x2d5 ./Drivers/STM32L4xx_HAL_Driver/Src/stm32l4xx_hal_adc_ex.o
 .debug_abbrev  0x000010a1      0x31c ./Drivers/STM32L4xx_HAL_Driver/Src/stm32l4xx_hal_cortex.o
 .debug_abbrev  0x000013bd      0x27b ./Drivers/STM32L4xx_HAL_Driver/Src/stm32l4xx_hal_dfsdm.o
 .debug_abbrev  0x00001638      0x1cb ./Drivers/STM32L4xx_HAL_Driver/Src/stm32l4xx_hal_gpio.o
 .debug_abbrev  0x00001803      0x25e ./Drivers/STM32L4xx_HAL_Driver/Src/stm32l4xx_hal_i2c.o
 .debug_abbrev  0x00001a61      0x1c0 ./Drivers/STM32L4xx_HAL_Driver/Src/stm32l4xx_hal_i2c_ex.o
 .debug_abbrev  0x00001c21      0x2be ./Drivers/STM32L4xx_HAL_Driver/Src/stm32l4xx_hal_ospi.o
 .debug_abbrev  0x00001edf      0x1d4 ./Drivers/STM32L4xx_HAL_Driver/Src/stm32l4xx_hal_pwr.o
 .debug_abbrev  0x000020b3      0x1f9 ./Drivers/STM32L4xx_HAL_Driver/Src/stm32l4xx_hal_pwr_ex.o
 .debug_abbrev  0x000022ac      0x306 ./Drivers/STM32L4xx_HAL_Driver/Src/stm32l4xx_hal_rcc.o
 .debug_abbrev  0x000025b2      0x2a3 ./Drivers/STM32L4xx_HAL_Driver/Src/stm32l4xx_hal_rcc_ex.o
 .debug_abbrev  0x00002855      0x25d ./Drivers/STM32L4xx_HAL_Driver/Src/stm32l4xx_hal_spi.o
 .debug_abbrev  0x00002ab2      0x276 ./Drivers/STM32L4xx_HAL_Driver/Src/stm32l4xx_hal_tim.o
 .debug_abbrev  0x00002d28      0x281 ./Drivers/STM32L4xx_HAL_Driver/Src/stm32l4xx_hal_tim_ex.o
 .debug_abbrev  0x00002fa9      0x304 ./Drivers/STM32L4xx_HAL_Driver/Src/stm32l4xx_hal_uart.o
 .debug_abbrev  0x000032ad      0x2d2 ./Drivers/STM32L4xx_HAL_Driver/Src/stm32l4xx_hal_uart_ex.o

.debug_aranges  0x00000000     0x1cd8
 .debug_aranges
                0x00000000       0xc0 ./Core/Src/main.o
 .debug_aranges
                0x000000c0       0x90 ./Core/Src/stm32l4xx_hal_msp.o
 .debug_aranges
                0x00000150       0x80 ./Core/Src/stm32l4xx_it.o
 .debug_aranges
                0x000001d0       0x28 ./Core/Src/system_stm32l4xx.o
 .debug_aranges
                0x000001f8       0x28 ./Core/Startup/startup_stm32l4s5vitx.o
 .debug_aranges
                0x00000220      0x130 ./Drivers/STM32L4xx_HAL_Driver/Src/stm32l4xx_hal.o
 .debug_aranges
                0x00000350      0x218 ./Drivers/STM32L4xx_HAL_Driver/Src/stm32l4xx_hal_adc.o
 .debug_aranges
                0x00000568      0x178 ./Drivers/STM32L4xx_HAL_Driver/Src/stm32l4xx_hal_adc_ex.o
 .debug_aranges
                0x000006e0      0x128 ./Drivers/STM32L4xx_HAL_Driver/Src/stm32l4xx_hal_cortex.o
 .debug_aranges
                0x00000808      0x248 ./Drivers/STM32L4xx_HAL_Driver/Src/stm32l4xx_hal_dfsdm.o
 .debug_aranges
                0x00000a50       0x58 ./Drivers/STM32L4xx_HAL_Driver/Src/stm32l4xx_hal_gpio.o
 .debug_aranges
                0x00000aa8      0x2a0 ./Drivers/STM32L4xx_HAL_Driver/Src/stm32l4xx_hal_i2c.o
 .debug_aranges
                0x00000d48       0x48 ./Drivers/STM32L4xx_HAL_Driver/Src/stm32l4xx_hal_i2c_ex.o
 .debug_aranges
                0x00000d90      0x170 ./Drivers/STM32L4xx_HAL_Driver/Src/stm32l4xx_hal_ospi.o
 .debug_aranges
                0x00000f00       0x98 ./Drivers/STM32L4xx_HAL_Driver/Src/stm32l4xx_hal_pwr.o
 .debug_aranges
                0x00000f98      0x170 ./Drivers/STM32L4xx_HAL_Driver/Src/stm32l4xx_hal_pwr_ex.o
 .debug_aranges
                0x00001108       0x98 ./Drivers/STM32L4xx_HAL_Driver/Src/stm32l4xx_hal_rcc.o
 .debug_aranges
                0x000011a0      0x110 ./Drivers/STM32L4xx_HAL_Driver/Src/stm32l4xx_hal_rcc_ex.o
 .debug_aranges
                0x000012b0      0x1d8 ./Drivers/STM32L4xx_HAL_Driver/Src/stm32l4xx_hal_spi.o
 .debug_aranges
                0x00001488      0x3e0 ./Drivers/STM32L4xx_HAL_Driver/Src/stm32l4xx_hal_tim.o
 .debug_aranges
                0x00001868      0x180 ./Drivers/STM32L4xx_HAL_Driver/Src/stm32l4xx_hal_tim_ex.o
 .debug_aranges
                0x000019e8      0x248 ./Drivers/STM32L4xx_HAL_Driver/Src/stm32l4xx_hal_uart.o
 .debug_aranges
                0x00001c30       0xa8 ./Drivers/STM32L4xx_HAL_Driver/Src/stm32l4xx_hal_uart_ex.o

.debug_rnglists
                0x00000000     0x16a8
 .debug_rnglists
                0x00000000       0x95 ./Core/Src/main.o
 .debug_rnglists
                0x00000095       0x6e ./Core/Src/stm32l4xx_hal_msp.o
 .debug_rnglists
                0x00000103       0x5b ./Core/Src/stm32l4xx_it.o
 .debug_rnglists
                0x0000015e       0x1a ./Core/Src/system_stm32l4xx.o
 .debug_rnglists
                0x00000178       0x19 ./Core/Startup/startup_stm32l4s5vitx.o
 .debug_rnglists
                0x00000191       0xdf ./Drivers/STM32L4xx_HAL_Driver/Src/stm32l4xx_hal.o
 .debug_rnglists
                0x00000270      0x19c ./Drivers/STM32L4xx_HAL_Driver/Src/stm32l4xx_hal_adc.o
 .debug_rnglists
                0x0000040c      0x120 ./Drivers/STM32L4xx_HAL_Driver/Src/stm32l4xx_hal_adc_ex.o
 .debug_rnglists
                0x0000052c       0xda ./Drivers/STM32L4xx_HAL_Driver/Src/stm32l4xx_hal_cortex.o
 .debug_rnglists
                0x00000606      0x1c7 ./Drivers/STM32L4xx_HAL_Driver/Src/stm32l4xx_hal_dfsdm.o
 .debug_rnglists
                0x000007cd       0x3f ./Drivers/STM32L4xx_HAL_Driver/Src/stm32l4xx_hal_gpio.o
 .debug_rnglists
                0x0000080c      0x228 ./Drivers/STM32L4xx_HAL_Driver/Src/stm32l4xx_hal_i2c.o
 .debug_rnglists
                0x00000a34       0x35 ./Drivers/STM32L4xx_HAL_Driver/Src/stm32l4xx_hal_i2c_ex.o
 .debug_rnglists
                0x00000a69      0x122 ./Drivers/STM32L4xx_HAL_Driver/Src/stm32l4xx_hal_ospi.o
 .debug_rnglists
                0x00000b8b       0x6e ./Drivers/STM32L4xx_HAL_Driver/Src/stm32l4xx_hal_pwr.o
 .debug_rnglists
                0x00000bf9      0x115 ./Drivers/STM32L4xx_HAL_Driver/Src/stm32l4xx_hal_pwr_ex.o
 .debug_rnglists
                0x00000d0e       0x74 ./Drivers/STM32L4xx_HAL_Driver/Src/stm32l4xx_hal_rcc.o
 .debug_rnglists
                0x00000d82       0xd4 ./Drivers/STM32L4xx_HAL_Driver/Src/stm32l4xx_hal_rcc_ex.o
 .debug_rnglists
                0x00000e56      0x178 ./Drivers/STM32L4xx_HAL_Driver/Src/stm32l4xx_hal_spi.o
 .debug_rnglists
                0x00000fce      0x328 ./Drivers/STM32L4xx_HAL_Driver/Src/stm32l4xx_hal_tim.o
 .debug_rnglists
                0x000012f6      0x139 ./Drivers/STM32L4xx_HAL_Driver/Src/stm32l4xx_hal_tim_ex.o
 .debug_rnglists
                0x0000142f      0x1fa ./Drivers/STM32L4xx_HAL_Driver/Src/stm32l4xx_hal_uart.o
 .debug_rnglists
                0x00001629       0x7f ./Drivers/STM32L4xx_HAL_Driver/Src/stm32l4xx_hal_uart_ex.o

.debug_macro    0x00000000    0x2dfe4
 .debug_macro   0x00000000      0x251 ./Core/Src/main.o
 .debug_macro   0x00000251      0xab4 ./Core/Src/main.o
 .debug_macro   0x00000d05      0x1c5 ./Core/Src/main.o
 .debug_macro   0x00000eca       0x2e ./Core/Src/main.o
 .debug_macro   0x00000ef8       0x28 ./Core/Src/main.o
 .debug_macro   0x00000f20       0x22 ./Core/Src/main.o
 .debug_macro   0x00000f42       0x8e ./Core/Src/main.o
 .debug_macro   0x00000fd0       0x51 ./Core/Src/main.o
 .debug_macro   0x00001021      0x103 ./Core/Src/main.o
 .debug_macro   0x00001124       0x6a ./Core/Src/main.o
 .debug_macro   0x0000118e      0x1df ./Core/Src/main.o
 .debug_macro   0x0000136d       0x1c ./Core/Src/main.o
 .debug_macro   0x00001389       0x22 ./Core/Src/main.o
 .debug_macro   0x000013ab       0xfb ./Core/Src/main.o
 .debug_macro   0x000014a6     0x1011 ./Core/Src/main.o
 .debug_macro   0x000024b7      0x11f ./Core/Src/main.o
 .debug_macro   0x000025d6    0x1d292 ./Core/Src/main.o
 .debug_macro   0x0001f868       0x6d ./Core/Src/main.o
 .debug_macro   0x0001f8d5     0x3902 ./Core/Src/main.o
 .debug_macro   0x000231d7      0x189 ./Core/Src/main.o
 .debug_macro   0x00023360       0x5c ./Core/Src/main.o
 .debug_macro   0x000233bc     0x1910 ./Core/Src/main.o
 .debug_macro   0x00024ccc      0x7dc ./Core/Src/main.o
 .debug_macro   0x000254a8      0x1b9 ./Core/Src/main.o
 .debug_macro   0x00025661      0x225 ./Core/Src/main.o
 .debug_macro   0x00025886      0x486 ./Core/Src/main.o
 .debug_macro   0x00025d0c      0x1ce ./Core/Src/main.o
 .debug_macro   0x00025eda       0x43 ./Core/Src/main.o
 .debug_macro   0x00025f1d      0x1fb ./Core/Src/main.o
 .debug_macro   0x00026118       0x10 ./Core/Src/main.o
 .debug_macro   0x00026128       0xb3 ./Core/Src/main.o
 .debug_macro   0x000261db      0x23d ./Core/Src/main.o
 .debug_macro   0x00026418      0xe02 ./Core/Src/main.o
 .debug_macro   0x0002721a      0x624 ./Core/Src/main.o
 .debug_macro   0x0002783e      0x24f ./Core/Src/main.o
 .debug_macro   0x00027a8d      0x241 ./Core/Src/main.o
 .debug_macro   0x00027cce      0x416 ./Core/Src/main.o
 .debug_macro   0x000280e4       0x1c ./Core/Src/main.o
 .debug_macro   0x00028100       0xf2 ./Core/Src/main.o
 .debug_macro   0x000281f2      0x22c ./Core/Src/main.o
 .debug_macro   0x0002841e       0x61 ./Core/Src/main.o
 .debug_macro   0x0002847f       0xa5 ./Core/Src/main.o
 .debug_macro   0x00028524      0x486 ./Core/Src/main.o
 .debug_macro   0x000289aa      0x122 ./Core/Src/main.o
 .debug_macro   0x00028acc      0x3f6 ./Core/Src/main.o
 .debug_macro   0x00028ec2      0x2fe ./Core/Src/main.o
 .debug_macro   0x000291c0      0xa98 ./Core/Src/main.o
 .debug_macro   0x00029c58      0x196 ./Core/Src/main.o
 .debug_macro   0x00029dee      0x693 ./Core/Src/main.o
 .debug_macro   0x0002a481       0xa6 ./Core/Src/main.o
 .debug_macro   0x0002a527      0x432 ./Core/Src/main.o
 .debug_macro   0x0002a959      0x44a ./Core/Src/main.o
 .debug_macro   0x0002ada3      0x251 ./Core/Src/stm32l4xx_hal_msp.o
 .debug_macro   0x0002aff4      0x25b ./Core/Src/stm32l4xx_it.o
 .debug_macro   0x0002b24f      0x242 ./Core/Src/system_stm32l4xx.o
 .debug_macro   0x0002b491      0x290 ./Drivers/STM32L4xx_HAL_Driver/Src/stm32l4xx_hal.o
 .debug_macro   0x0002b721      0x25f ./Drivers/STM32L4xx_HAL_Driver/Src/stm32l4xx_hal_adc.o
 .debug_macro   0x0002b980      0x24e ./Drivers/STM32L4xx_HAL_Driver/Src/stm32l4xx_hal_adc_ex.o
 .debug_macro   0x0002bbce      0x242 ./Drivers/STM32L4xx_HAL_Driver/Src/stm32l4xx_hal_cortex.o
 .debug_macro   0x0002be10      0x266 ./Drivers/STM32L4xx_HAL_Driver/Src/stm32l4xx_hal_dfsdm.o
 .debug_macro   0x0002c076      0x249 ./Drivers/STM32L4xx_HAL_Driver/Src/stm32l4xx_hal_gpio.o
 .debug_macro   0x0002c2bf      0x30e ./Drivers/STM32L4xx_HAL_Driver/Src/stm32l4xx_hal_i2c.o
 .debug_macro   0x0002c5cd      0x242 ./Drivers/STM32L4xx_HAL_Driver/Src/stm32l4xx_hal_i2c_ex.o
 .debug_macro   0x0002c80f      0x289 ./Drivers/STM32L4xx_HAL_Driver/Src/stm32l4xx_hal_ospi.o
 .debug_macro   0x0002ca98      0x25a ./Drivers/STM32L4xx_HAL_Driver/Src/stm32l4xx_hal_pwr.o
 .debug_macro   0x0002ccf2      0x26c ./Drivers/STM32L4xx_HAL_Driver/Src/stm32l4xx_hal_pwr_ex.o
 .debug_macro   0x0002cf5e      0x284 ./Drivers/STM32L4xx_HAL_Driver/Src/stm32l4xx_hal_rcc.o
 .debug_macro   0x0002d1e2      0x278 ./Drivers/STM32L4xx_HAL_Driver/Src/stm32l4xx_hal_rcc_ex.o
 .debug_macro   0x0002d45a      0x24a ./Drivers/STM32L4xx_HAL_Driver/Src/stm32l4xx_hal_spi.o
 .debug_macro   0x0002d6a4      0x243 ./Drivers/STM32L4xx_HAL_Driver/Src/stm32l4xx_hal_tim.o
 .debug_macro   0x0002d8e7      0x242 ./Drivers/STM32L4xx_HAL_Driver/Src/stm32l4xx_hal_tim_ex.o
 .debug_macro   0x0002db29      0x26d ./Drivers/STM32L4xx_HAL_Driver/Src/stm32l4xx_hal_uart.o
 .debug_macro   0x0002dd96      0x24e ./Drivers/STM32L4xx_HAL_Driver/Src/stm32l4xx_hal_uart_ex.o

.debug_line     0x00000000    0x215e5
 .debug_line    0x00000000      0xe25 ./Core/Src/main.o
 .debug_line    0x00000e25      0xbf1 ./Core/Src/stm32l4xx_hal_msp.o
 .debug_line    0x00001a16      0x982 ./Core/Src/stm32l4xx_it.o
 .debug_line    0x00002398      0x8f2 ./Core/Src/system_stm32l4xx.o
 .debug_line    0x00002c8a       0x7a ./Core/Startup/startup_stm32l4s5vitx.o
 .debug_line    0x00002d04      0xc4d ./Drivers/STM32L4xx_HAL_Driver/Src/stm32l4xx_hal.o
 .debug_line    0x00003951     0x1e2a ./Drivers/STM32L4xx_HAL_Driver/Src/stm32l4xx_hal_adc.o
 .debug_line    0x0000577b     0x1674 ./Drivers/STM32L4xx_HAL_Driver/Src/stm32l4xx_hal_adc_ex.o
 .debug_line    0x00006def      0xe16 ./Drivers/STM32L4xx_HAL_Driver/Src/stm32l4xx_hal_cortex.o
 .debug_line    0x00007c05     0x1fe2 ./Drivers/STM32L4xx_HAL_Driver/Src/stm32l4xx_hal_dfsdm.o
 .debug_line    0x00009be7      0xcc1 ./Drivers/STM32L4xx_HAL_Driver/Src/stm32l4xx_hal_gpio.o
 .debug_line    0x0000a8a8     0x3b80 ./Drivers/STM32L4xx_HAL_Driver/Src/stm32l4xx_hal_i2c.o
 .debug_line    0x0000e428      0xa75 ./Drivers/STM32L4xx_HAL_Driver/Src/stm32l4xx_hal_i2c_ex.o
 .debug_line    0x0000ee9d     0x189b ./Drivers/STM32L4xx_HAL_Driver/Src/stm32l4xx_hal_ospi.o
 .debug_line    0x00010738      0xa24 ./Drivers/STM32L4xx_HAL_Driver/Src/stm32l4xx_hal_pwr.o
 .debug_line    0x0001115c      0xeb4 ./Drivers/STM32L4xx_HAL_Driver/Src/stm32l4xx_hal_pwr_ex.o
 .debug_line    0x00012010     0x119e ./Drivers/STM32L4xx_HAL_Driver/Src/stm32l4xx_hal_rcc.o
 .debug_line    0x000131ae     0x1aaf ./Drivers/STM32L4xx_HAL_Driver/Src/stm32l4xx_hal_rcc_ex.o
 .debug_line    0x00014c5d     0x2123 ./Drivers/STM32L4xx_HAL_Driver/Src/stm32l4xx_hal_spi.o
 .debug_line    0x00016d80     0x3f5c ./Drivers/STM32L4xx_HAL_Driver/Src/stm32l4xx_hal_tim.o
 .debug_line    0x0001acdc     0x1d46 ./Drivers/STM32L4xx_HAL_Driver/Src/stm32l4xx_hal_tim_ex.o
 .debug_line    0x0001ca22     0x3d1d ./Drivers/STM32L4xx_HAL_Driver/Src/stm32l4xx_hal_uart.o
 .debug_line    0x0002073f      0xea6 ./Drivers/STM32L4xx_HAL_Driver/Src/stm32l4xx_hal_uart_ex.o

.debug_str      0x00000000   0x123f0c
 .debug_str     0x00000000   0x11c7cd ./Core/Src/main.o
                             0x11d0a0 (size before relaxing)
 .debug_str     0x0011c7cd      0x192 ./Core/Src/stm32l4xx_hal_msp.o
                             0x11cc29 (size before relaxing)
 .debug_str     0x0011c95f      0x149 ./Core/Src/stm32l4xx_it.o
                             0x11b7fa (size before relaxing)
 .debug_str     0x0011caa8       0xf2 ./Core/Src/system_stm32l4xx.o
                             0x119c79 (size before relaxing)
 .debug_str     0x0011cb9a       0x44 ./Core/Startup/startup_stm32l4s5vitx.o
                                 0x83 (size before relaxing)
 .debug_str     0x0011cbde      0x63a ./Drivers/STM32L4xx_HAL_Driver/Src/stm32l4xx_hal.o
                             0x11a857 (size before relaxing)
 .debug_str     0x0011d218      0x9fe ./Drivers/STM32L4xx_HAL_Driver/Src/stm32l4xx_hal_adc.o
                             0x11ab83 (size before relaxing)
 .debug_str     0x0011dc16      0x584 ./Drivers/STM32L4xx_HAL_Driver/Src/stm32l4xx_hal_adc_ex.o
                             0x11a9ad (size before relaxing)
 .debug_str     0x0011e19a      0x34b ./Drivers/STM32L4xx_HAL_Driver/Src/stm32l4xx_hal_cortex.o
                             0x11a518 (size before relaxing)
 .debug_str     0x0011e4e5      0xbe4 ./Drivers/STM32L4xx_HAL_Driver/Src/stm32l4xx_hal_dfsdm.o
                             0x11ac68 (size before relaxing)
 .debug_str     0x0011f0c9       0xea ./Drivers/STM32L4xx_HAL_Driver/Src/stm32l4xx_hal_gpio.o
                             0x119df3 (size before relaxing)
 .debug_str     0x0011f1b3      0xde9 ./Drivers/STM32L4xx_HAL_Driver/Src/stm32l4xx_hal_i2c.o
                             0x11af56 (size before relaxing)
 .debug_str     0x0011ff9c       0xb8 ./Drivers/STM32L4xx_HAL_Driver/Src/stm32l4xx_hal_i2c_ex.o
                             0x11a287 (size before relaxing)
 .debug_str     0x00120054      0x865 ./Drivers/STM32L4xx_HAL_Driver/Src/stm32l4xx_hal_ospi.o
                             0x11a8d2 (size before relaxing)
 .debug_str     0x001208b9      0x34d ./Drivers/STM32L4xx_HAL_Driver/Src/stm32l4xx_hal_pwr.o
                             0x119ff0 (size before relaxing)
 .debug_str     0x00120c06      0x461 ./Drivers/STM32L4xx_HAL_Driver/Src/stm32l4xx_hal_pwr_ex.o
                             0x11a24c (size before relaxing)
 .debug_str     0x00121067      0x3c7 ./Drivers/STM32L4xx_HAL_Driver/Src/stm32l4xx_hal_rcc.o
                             0x11a2ec (size before relaxing)
 .debug_str     0x0012142e      0x565 ./Drivers/STM32L4xx_HAL_Driver/Src/stm32l4xx_hal_rcc_ex.o
                             0x11a6ad (size before relaxing)
 .debug_str     0x00121993      0x529 ./Drivers/STM32L4xx_HAL_Driver/Src/stm32l4xx_hal_spi.o
                             0x11a570 (size before relaxing)
 .debug_str     0x00121ebc      0xe3b ./Drivers/STM32L4xx_HAL_Driver/Src/stm32l4xx_hal_tim.o
                             0x11b095 (size before relaxing)
 .debug_str     0x00122cf7      0x604 ./Drivers/STM32L4xx_HAL_Driver/Src/stm32l4xx_hal_tim_ex.o
                             0x11a9a9 (size before relaxing)
 .debug_str     0x001232fb      0x9ad ./Drivers/STM32L4xx_HAL_Driver/Src/stm32l4xx_hal_uart.o
                             0x11ac1d (size before relaxing)
 .debug_str     0x00123ca8      0x264 ./Drivers/STM32L4xx_HAL_Driver/Src/stm32l4xx_hal_uart_ex.o
                             0x11a42d (size before relaxing)

.comment        0x00000000       0x43
 .comment       0x00000000       0x43 ./Core/Src/main.o
                                 0x44 (size before relaxing)
 .comment       0x00000043       0x44 ./Core/Src/stm32l4xx_hal_msp.o
 .comment       0x00000043       0x44 ./Core/Src/stm32l4xx_it.o
 .comment       0x00000043       0x44 ./Core/Src/system_stm32l4xx.o
 .comment       0x00000043       0x44 ./Drivers/STM32L4xx_HAL_Driver/Src/stm32l4xx_hal.o
 .comment       0x00000043       0x44 ./Drivers/STM32L4xx_HAL_Driver/Src/stm32l4xx_hal_adc.o
 .comment       0x00000043       0x44 ./Drivers/STM32L4xx_HAL_Driver/Src/stm32l4xx_hal_adc_ex.o
 .comment       0x00000043       0x44 ./Drivers/STM32L4xx_HAL_Driver/Src/stm32l4xx_hal_cortex.o
 .comment       0x00000043       0x44 ./Drivers/STM32L4xx_HAL_Driver/Src/stm32l4xx_hal_dfsdm.o
 .comment       0x00000043       0x44 ./Drivers/STM32L4xx_HAL_Driver/Src/stm32l4xx_hal_gpio.o
 .comment       0x00000043       0x44 ./Drivers/STM32L4xx_HAL_Driver/Src/stm32l4xx_hal_i2c.o
 .comment       0x00000043       0x44 ./Drivers/STM32L4xx_HAL_Driver/Src/stm32l4xx_hal_i2c_ex.o
 .comment       0x00000043       0x44 ./Drivers/STM32L4xx_HAL_Driver/Src/stm32l4xx_hal_ospi.o
 .comment       0x00000043       0x44 ./Drivers/STM32L4xx_HAL_Driver/Src/stm32l4xx_hal_pwr.o
 .comment       0x00000043       0x44 ./Drivers/STM32L4xx_HAL_Driver/Src/stm32l4xx_hal_pwr_ex.o
 .comment       0x00000043       0x44 ./Drivers/STM32L4xx_HAL_Driver/Src/stm32l4xx_hal_rcc.o
 .comment       0x00000043       0x44 ./Drivers/STM32L4xx_HAL_Driver/Src/stm32l4xx_hal_rcc_ex.o
 .comment       0x00000043       0x44 ./Drivers/STM32L4xx_HAL_Driver/Src/stm32l4xx_hal_spi.o
 .comment       0x00000043       0x44 ./Drivers/STM32L4xx_HAL_Driver/Src/stm32l4xx_hal_tim.o
 .comment       0x00000043       0x44 ./Drivers/STM32L4xx_HAL_Driver/Src/stm32l4xx_hal_tim_ex.o
 .comment       0x00000043       0x44 ./Drivers/STM32L4xx_HAL_Driver/Src/stm32l4xx_hal_uart.o
 .comment       0x00000043       0x44 ./Drivers/STM32L4xx_HAL_Driver/Src/stm32l4xx_hal_uart_ex.o

.debug_frame    0x00000000     0x7e28
 .debug_frame   0x00000000      0x2a4 ./Core/Src/main.o
 .debug_frame   0x000002a4      0x240 ./Core/Src/stm32l4xx_hal_msp.o
 .debug_frame   0x000004e4      0x174 ./Core/Src/stm32l4xx_it.o
 .debug_frame   0x00000658       0x58 ./Core/Src/system_stm32l4xx.o
 .debug_frame   0x000006b0      0x498 ./Drivers/STM32L4xx_HAL_Driver/Src/stm32l4xx_hal.o
 .debug_frame   0x00000b48      0x9d8 ./Drivers/STM32L4xx_HAL_Driver/Src/stm32l4xx_hal_adc.o
 .debug_frame   0x00001520      0x6b4 ./Drivers/STM32L4xx_HAL_Driver/Src/stm32l4xx_hal_adc_ex.o
 .debug_frame   0x00001bd4      0x4e8 ./Drivers/STM32L4xx_HAL_Driver/Src/stm32l4xx_hal_cortex.o
 .debug_frame   0x000020bc      0xa78 ./Drivers/STM32L4xx_HAL_Driver/Src/stm32l4xx_hal_dfsdm.o
 .debug_frame   0x00002b34      0x14c ./Drivers/STM32L4xx_HAL_Driver/Src/stm32l4xx_hal_gpio.o
 .debug_frame   0x00002c80      0xc38 ./Drivers/STM32L4xx_HAL_Driver/Src/stm32l4xx_hal_i2c.o
 .debug_frame   0x000038b8      0x100 ./Drivers/STM32L4xx_HAL_Driver/Src/stm32l4xx_hal_i2c_ex.o
 .debug_frame   0x000039b8      0x6a4 ./Drivers/STM32L4xx_HAL_Driver/Src/stm32l4xx_hal_ospi.o
 .debug_frame   0x0000405c      0x230 ./Drivers/STM32L4xx_HAL_Driver/Src/stm32l4xx_hal_pwr.o
 .debug_frame   0x0000428c      0x5c4 ./Drivers/STM32L4xx_HAL_Driver/Src/stm32l4xx_hal_pwr_ex.o
 .debug_frame   0x00004850      0x248 ./Drivers/STM32L4xx_HAL_Driver/Src/stm32l4xx_hal_rcc.o
 .debug_frame   0x00004a98      0x464 ./Drivers/STM32L4xx_HAL_Driver/Src/stm32l4xx_hal_rcc_ex.o
 .debug_frame   0x00004efc      0x860 ./Drivers/STM32L4xx_HAL_Driver/Src/stm32l4xx_hal_spi.o
 .debug_frame   0x0000575c     0x121c ./Drivers/STM32L4xx_HAL_Driver/Src/stm32l4xx_hal_tim.o
 .debug_frame   0x00006978      0x6b0 ./Drivers/STM32L4xx_HAL_Driver/Src/stm32l4xx_hal_tim_ex.o
 .debug_frame   0x00007028      0xa94 ./Drivers/STM32L4xx_HAL_Driver/Src/stm32l4xx_hal_uart.o
 .debug_frame   0x00007abc      0x2c0 ./Drivers/STM32L4xx_HAL_Driver/Src/stm32l4xx_hal_uart_ex.o
 .debug_frame   0x00007d7c       0x20 C:/ST/STM32CubeIDE_1.17.0/STM32CubeIDE/plugins/com.st.stm32cube.ide.mcu.externaltools.gnu-tools-for-stm32.12.3.rel1.win32_1.1.0.202410251130/tools/bin/../lib/gcc/arm-none-eabi/12.3.1/../../../../arm-none-eabi/lib/thumb/v7e-m+fp/hard\libc_nano.a(libc_a-memset.o)
 .debug_frame   0x00007d9c       0x2c C:/ST/STM32CubeIDE_1.17.0/STM32CubeIDE/plugins/com.st.stm32cube.ide.mcu.externaltools.gnu-tools-for-stm32.12.3.rel1.win32_1.1.0.202410251130/tools/bin/../lib/gcc/arm-none-eabi/12.3.1/../../../../arm-none-eabi/lib/thumb/v7e-m+fp/hard\libc_nano.a(libc_a-init.o)
 .debug_frame   0x00007dc8       0x2c C:/ST/STM32CubeIDE_1.17.0/STM32CubeIDE/plugins/com.st.stm32cube.ide.mcu.externaltools.gnu-tools-for-stm32.12.3.rel1.win32_1.1.0.202410251130/tools/bin/../lib/gcc/arm-none-eabi/12.3.1/thumb/v7e-m+fp/hard\libgcc.a(_aeabi_uldivmod.o)
 .debug_frame   0x00007df4       0x34 C:/ST/STM32CubeIDE_1.17.0/STM32CubeIDE/plugins/com.st.stm32cube.ide.mcu.externaltools.gnu-tools-for-stm32.12.3.rel1.win32_1.1.0.202410251130/tools/bin/../lib/gcc/arm-none-eabi/12.3.1/thumb/v7e-m+fp/hard\libgcc.a(_udivmoddi4.o)

.debug_line_str
                0x00000000       0x67
 .debug_line_str
                0x00000000       0x67 ./Core/Startup/startup_stm32l4s5vitx.o
