../Core/Src/main.c:99:5:main	8	static
../Core/Src/main.c:165:6:SystemClock_Config	96	static
../Core/Src/main.c:225:6:PeriphCommonClock_Config	160	static
../Core/Src/main.c:252:13:MX_ADC1_Init	32	static
../Core/Src/main.c:310:13:MX_DFSDM1_Init	8	static
../Core/Src/main.c:348:13:MX_I2C1_Init	8	static
../Core/Src/main.c:396:13:MX_I2C2_Init	8	static
../Core/Src/main.c:444:13:MX_OCTOSPI1_Init	32	static
../Core/Src/main.c:492:13:MX_SPI3_Init	8	static
../Core/Src/main.c:532:13:MX_TIM7_Init	24	static
../Core/Src/main.c:570:13:MX_TIM16_Init	8	static
../Core/Src/main.c:602:13:MX_TIM17_Init	8	static
../Core/Src/main.c:634:13:MX_UART4_Init	8	static
../Core/Src/main.c:682:13:MX_USART1_UART_Init	8	static
../Core/Src/main.c:730:13:MX_USART2_UART_Init	8	static
../Core/Src/main.c:778:13:MX_USART3_UART_Init	8	static
../Core/Src/main.c:826:13:MX_USB_OTG_FS_USB_Init	4	static
../Core/Src/main.c:847:13:MX_GPIO_Init	56	static
../Core/Src/main.c:998:6:HAL_GPIO_EXTI_Callback	16	static
../Core/Src/main.c:1007:6:HAL_TIM_PeriodElapsedCallback	24	static
../Core/Src/main.c:1053:6:HAL_ADC_ConvCpltCallback	24	static
../Core/Src/main.c:1075:6:HAL_UART_TxCpltCallback	16	static
../Core/Src/main.c:1089:6:Error_Handler	4	static,ignoring_inline_asm
