../Core/Src/stm32l4xx_hal_msp.c:63:6:HAL_MspInit	16	static
../Core/Src/stm32l4xx_hal_msp.c:86:6:HAL_ADC_MspInit	48	static
../Core/Src/stm32l4xx_hal_msp.c:129:6:HAL_ADC_MspDeInit	16	static
../Core/Src/stm32l4xx_hal_msp.c:166:6:HAL_DFSDM_ChannelMspInit	192	static
../Core/Src/stm32l4xx_hal_msp.c:215:6:HAL_DFSDM_ChannelMspDeInit	16	static
../Core/Src/stm32l4xx_hal_msp.c:245:6:HAL_I2C_MspInit	200	static
../Core/Src/stm32l4xx_hal_msp.c:324:6:HAL_I2C_MspDeInit	16	static
../Core/Src/stm32l4xx_hal_msp.c:375:6:HAL_OSPI_MspInit	200	static
../Core/Src/stm32l4xx_hal_msp.c:429:6:HAL_OSPI_MspDeInit	16	static
../Core/Src/stm32l4xx_hal_msp.c:464:6:HAL_SPI_MspInit	48	static
../Core/Src/stm32l4xx_hal_msp.c:502:6:HAL_SPI_MspDeInit	16	static
../Core/Src/stm32l4xx_hal_msp.c:532:6:HAL_TIM_Base_MspInit	32	static
../Core/Src/stm32l4xx_hal_msp.c:585:6:HAL_TIM_Base_MspDeInit	16	static
../Core/Src/stm32l4xx_hal_msp.c:638:6:HAL_UART_MspInit	216	static
../Core/Src/stm32l4xx_hal_msp.c:792:6:HAL_UART_MspDeInit	16	static
